Archive member included to satisfy reference by file (symbol)

/home/xiang/rockpi4-android/optee_os/out/arm-plat-rockchip/export-ta_arm64/lib/libutee.a(utee_syscalls_a64.o)
                              /home/xiang/rockpi4-android/external/hello_ta/ta/out/user_ta_header.o (_utee_return)
/home/xiang/rockpi4-android/optee_os/out/arm-plat-rockchip/export-ta_arm64/lib/libutee.a(user_ta_entry.o)
                              /home/xiang/rockpi4-android/external/hello_ta/ta/out/user_ta_header.o (__utee_entry)
/home/xiang/rockpi4-android/optee_os/out/arm-plat-rockchip/export-ta_arm64/lib/libutee.a(abort.o)
                              /home/xiang/rockpi4-android/optee_os/out/arm-plat-rockchip/export-ta_arm64/lib/libutee.a(user_ta_entry.o) (abort)
/home/xiang/rockpi4-android/optee_os/out/arm-plat-rockchip/export-ta_arm64/lib/libutee.a(trace_ext.o)
                              /home/xiang/rockpi4-android/optee_os/out/arm-plat-rockchip/export-ta_arm64/lib/libutee.a(abort.o) (puts)
/home/xiang/rockpi4-android/optee_os/out/arm-plat-rockchip/export-ta_arm64/lib/libutee.a(tee_api.o)
                              /home/xiang/rockpi4-android/optee_os/out/arm-plat-rockchip/export-ta_arm64/lib/libutee.a(user_ta_entry.o) (TEE_Malloc)
/home/xiang/rockpi4-android/optee_os/out/arm-plat-rockchip/export-ta_arm64/lib/libutee.a(tee_api_arith_mpi.o)
                              /home/xiang/rockpi4-android/optee_os/out/arm-plat-rockchip/export-ta_arm64/lib/libutee.a(user_ta_entry.o) (_TEE_MathAPI_Init)
/home/xiang/rockpi4-android/optee_os/out/arm-plat-rockchip/export-ta_arm64/lib/libutee.a(tee_api_panic.o)
                              /home/xiang/rockpi4-android/optee_os/out/arm-plat-rockchip/export-ta_arm64/lib/libutee.a(user_ta_entry.o) (TEE_Panic)
/home/xiang/rockpi4-android/optee_os/out/arm-plat-rockchip/export-ta_arm64/lib/libutee.a(tee_api_property.o)
                              /home/xiang/rockpi4-android/optee_os/out/arm-plat-rockchip/export-ta_arm64/lib/libutee.a(user_ta_entry.o) (TEE_GetPropertyAsU32)
/home/xiang/rockpi4-android/optee_os/out/arm-plat-rockchip/export-ta_arm64/lib/libutee.a(tee_system_pta.o)
                              /home/xiang/rockpi4-android/optee_os/out/arm-plat-rockchip/export-ta_arm64/lib/libutee.a(tee_api.o) (tee_map_zi)
/home/xiang/rockpi4-android/optee_os/out/arm-plat-rockchip/export-ta_arm64/lib/libutee.a(tcb.o)
                              /home/xiang/rockpi4-android/optee_os/out/arm-plat-rockchip/export-ta_arm64/lib/libutee.a(user_ta_entry.o) (__utee_tcb_init)
/home/xiang/rockpi4-android/optee_os/out/arm-plat-rockchip/export-ta_arm64/lib/libutee.a(assert.o)
                              /home/xiang/rockpi4-android/optee_os/out/arm-plat-rockchip/export-ta_arm64/lib/libutee.a(tcb.o) (_assert_log)
/home/xiang/rockpi4-android/optee_os/out/arm-plat-rockchip/export-ta_arm64/lib/libutee.a(base64.o)
                              /home/xiang/rockpi4-android/optee_os/out/arm-plat-rockchip/export-ta_arm64/lib/libutee.a(tee_api_property.o) (_base64_enc_len)
/home/xiang/rockpi4-android/optee_os/out/arm-plat-rockchip/export-ta_arm64/lib/libmbedtls.a(bignum.o)
                              /home/xiang/rockpi4-android/optee_os/out/arm-plat-rockchip/export-ta_arm64/lib/libutee.a(tee_api_arith_mpi.o) (mbedtls_mpi_init_mempool)
/home/xiang/rockpi4-android/optee_os/out/arm-plat-rockchip/export-ta_arm64/lib/libmbedtls.a(constant_time.o)
                              /home/xiang/rockpi4-android/optee_os/out/arm-plat-rockchip/export-ta_arm64/lib/libmbedtls.a(bignum.o) (mbedtls_ct_size_bool_eq)
/home/xiang/rockpi4-android/optee_os/out/arm-plat-rockchip/export-ta_arm64/lib/libmbedtls.a(platform_util.o)
                              /home/xiang/rockpi4-android/optee_os/out/arm-plat-rockchip/export-ta_arm64/lib/libmbedtls.a(bignum.o) (mbedtls_platform_zeroize)
/home/xiang/rockpi4-android/optee_os/out/arm-plat-rockchip/export-ta_arm64/lib/libutils.a(bget_malloc.o)
                              /home/xiang/rockpi4-android/optee_os/out/arm-plat-rockchip/export-ta_arm64/lib/libutee.a(user_ta_entry.o) (malloc)
/home/xiang/rockpi4-android/optee_os/out/arm-plat-rockchip/export-ta_arm64/lib/libutils.a(snprintf.o)
                              /home/xiang/rockpi4-android/optee_os/out/arm-plat-rockchip/export-ta_arm64/lib/libutee.a(tee_api_property.o) (snprintf)
/home/xiang/rockpi4-android/optee_os/out/arm-plat-rockchip/export-ta_arm64/lib/libutils.a(memcpy.o)
                              /home/xiang/rockpi4-android/optee_os/out/arm-plat-rockchip/export-ta_arm64/lib/libutee.a(user_ta_entry.o) (memcpy)
/home/xiang/rockpi4-android/optee_os/out/arm-plat-rockchip/export-ta_arm64/lib/libutils.a(memmove.o)
                              /home/xiang/rockpi4-android/optee_os/out/arm-plat-rockchip/export-ta_arm64/lib/libutee.a(tee_api.o) (memmove)
/home/xiang/rockpi4-android/optee_os/out/arm-plat-rockchip/export-ta_arm64/lib/libutils.a(memset.o)
[...]
Memory Configuration

Name             Origin             Length             Attributes
*default*        0x0000000000000000 0xffffffffffffffff

Linker script and memory map


.ta_head        0x0000000000000000       0x20
 *(SORT(.ta_head))
 .ta_head       0x0000000000000000       0x20 /home/xiang/rockpi4-android/external/hello_ta/ta/out/user_ta_header.o
                0x0000000000000000                ta_head

.text           0x0000000000000020     0xac0c
                0x0000000000000020                __text_start = .
 *(SORT(.text) SORT(.text.*))
 .text          0x0000000000000020       0xf0 /home/xiang/rockpi4-android/optee_os/out/arm-plat-rockchip/export-ta_arm64/lib/libutils.a(memcpy.o)
                0x0000000000000020                memcpy
 .text          0x0000000000000110       0x54 /home/xiang/rockpi4-android/external/hello_ta/ta/out/hello_ta.o
                0x0000000000000110                TA_CreateEntryPoint
                0x0000000000000118                TA_DestroyEntryPoint
                0x000000000000011c                TA_OpenSessionEntryPoint
                0x000000000000012c                TA_CloseSessionEntryPoint
                0x0000000000000130                TA_InvokeCommandEntryPoint
 .text          0x0000000000000164       0x1c /home/xiang/rockpi4-android/external/hello_ta/ta/out/user_ta_header.o
                0x0000000000000164                __ta_entry
                0x0000000000000178                tahead_get_trace_level
 .text._utee_panic
                0x0000000000000180        0xc /home/xiang/rockpi4-android/optee_os/out/arm-plat-rockchip/export-ta_arm64/lib/libutee.a(utee_syscalls_a64.o)
                0x0000000000000180                _utee_panic
 .text._utee_return
                0x000000000000018c        0xc /home/xiang/rockpi4-android/optee_os/out/arm-plat-rockchip/export-ta_arm64/lib/libutee.a(utee_syscalls_a64.o)
                0x000000000000018c                _utee_return
 .text._utee_log
                0x0000000000000198        0xc /home/xiang/rockpi4-android/optee_os/out/arm-plat-rockchip/export-ta_arm64/lib/libutee.a(utee_syscalls_a64.o)
                0x0000000000000198                _utee_log
 .text.__utee_panic
                0x00000000000001a4        0xc /home/xiang/rockpi4-android/optee_os/out/arm-plat-rockchip/export-ta_arm64/lib/libutee.a(utee_syscalls_a64.o)
                0x00000000000001a4                __utee_panic
 .text._utee_get_property
                0x00000000000001b0        0xc /home/xiang/rockpi4-android/optee_os/out/arm-plat-rockchip/export-ta_arm64/lib/libutee.a(utee_syscalls_a64.o)
                0x00000000000001b0                _utee_get_property
 .text._utee_get_property_name_to_index
                0x00000000000001bc        0xc /home/xiang/rockpi4-android/optee_os/out/arm-plat-rockchip/export-ta_arm64/lib/libutee.a(utee_syscalls_a64.o)
                0x00000000000001bc                _utee_get_property_name_to_index
 .text._utee_open_ta_session
                0x00000000000001c8        0xc /home/xiang/rockpi4-android/optee_os/out/arm-plat-rockchip/export-ta_arm64/lib/libutee.a(utee_syscalls_a64.o)
                0x00000000000001c8                _utee_open_ta_session
 .text._utee_close_ta_session
                0x00000000000001d4        0xc /home/xiang/rockpi4-android/optee_os/out/arm-plat-rockchip/export-ta_arm64/lib/libutee.a(utee_syscalls_a64.o)
                0x00000000000001d4                _utee_close_ta_session
 .text._utee_invoke_ta_command
                0x00000000000001e0        0xc /home/xiang/rockpi4-android/optee_os/out/arm-plat-rockchip/export-ta_arm64/lib/libutee.a(utee_syscalls_a64.o)
                0x00000000000001e0                _utee_invoke_ta_command
 .text._utee_get_cancellation_flag
                0x00000000000001ec        0xc /home/xiang/rockpi4-android/optee_os/out/arm-plat-rockchip/export-ta_arm64/lib/libutee.a(utee_syscalls_a64.o)
                0x00000000000001ec                _utee_get_cancellation_flag
 .text._utee_check_access_rights
                0x00000000000001f8        0xc /home/xiang/rockpi4-android/optee_os/out/arm-plat-rockchip/export-ta_arm64/lib/libutee.a(utee_syscalls_a64.o)
                0x00000000000001f8                _utee_check_access_rights
 .text._utee_unmask_cancellation
                0x0000000000000204        0xc /home/xiang/rockpi4-android/optee_os/out/arm-plat-rockchip/export-ta_arm64/lib/libutee.a(utee_syscalls_a64.o)
                0x0000000000000204                _utee_unmask_cancellation
 .text._utee_mask_cancellation
                0x0000000000000210        0xc /home/xiang/rockpi4-android/optee_os/out/arm-plat-rockchip/export-ta_arm64/lib/libutee.a(utee_syscalls_a64.o)
                0x0000000000000210                _utee_mask_cancellation
 .text._utee_wait
                0x000000000000021c        0xc /home/xiang/rockpi4-android/optee_os/out/arm-plat-rockchip/export-ta_arm64/lib/libutee.a(utee_syscalls_a64.o)
                0x000000000000021c                _utee_wait
 .text._utee_get_time
                0x0000000000000228        0xc /home/xiang/rockpi4-android/optee_os/out/arm-plat-rockchip/export-ta_arm64/lib/libutee.a(utee_syscalls_a64.o)
                0x0000000000000228                _utee_get_time
 .text._utee_set_ta_time
                0x0000000000000234        0xc /home/xiang/rockpi4-android/optee_os/out/arm-plat-rockchip/export-ta_arm64/lib/libutee.a(utee_syscalls_a64.o)
                0x0000000000000234                _utee_set_ta_time
 .text._utee_cryp_state_alloc
                0x0000000000000240        0xc /home/xiang/rockpi4-android/optee_os/out/arm-plat-rockchip/export-ta_arm64/lib/libutee.a(utee_syscalls_a64.o)
                0x0000000000000240                _utee_cryp_state_alloc
 .text._utee_cryp_state_copy
                0x000000000000024c        0xc /home/xiang/rockpi4-android/optee_os/out/arm-plat-rockchip/export-ta_arm64/lib/libutee.a(utee_syscalls_a64.o)
                0x000000000000024c                _utee_cryp_state_copy
 .text._utee_cryp_state_free
                0x0000000000000258        0xc /home/xiang/rockpi4-android/optee_os/out/arm-plat-rockchip/export-ta_arm64/lib/libutee.a(utee_syscalls_a64.o)
                0x0000000000000258                _utee_cryp_state_free
 .text._utee_hash_init
                0x0000000000000264        0xc /home/xiang/rockpi4-android/optee_os/out/arm-plat-rockchip/export-ta_arm64/lib/libutee.a(utee_syscalls_a64.o)
                0x0000000000000264                _utee_hash_init
 .text._utee_hash_update
                0x0000000000000270        0xc /home/xiang/rockpi4-android/optee_os/out/arm-plat-rockchip/export-ta_arm64/lib/libutee.a(utee_syscalls_a64.o)
                0x0000000000000270                _utee_hash_update
 .text._utee_hash_final
                0x000000000000027c        0xc /home/xiang/rockpi4-android/optee_os/out/arm-plat-rockchip/export-ta_arm64/lib/libutee.a(utee_syscalls_a64.o)
                0x000000000000027c                _utee_hash_final
 .text._utee_cipher_init
                0x0000000000000288        0xc /home/xiang/rockpi4-android/optee_os/out/arm-plat-rockchip/export-ta_arm64/lib/libutee.a(utee_syscalls_a64.o)
                0x0000000000000288                _utee_cipher_init
 .text._utee_cipher_update
                0x0000000000000294        0xc /home/xiang/rockpi4-android/optee_os/out/arm-plat-rockchip/export-ta_arm64/lib/libutee.a(utee_syscalls_a64.o)
                0x0000000000000294                _utee_cipher_update
 .text._utee_cipher_final
                0x00000000000002a0        0xc /home/xiang/rockpi4-android/optee_os/out/arm-plat-rockchip/export-ta_arm64/lib/libutee.a(utee_syscalls_a64.o)
                0x00000000000002a0                _utee_cipher_final
 .text._utee_cryp_obj_get_info
                0x00000000000002ac        0xc /home/xiang/rockpi4-android/optee_os/out/arm-plat-rockchip/export-ta_arm64/lib/libutee.a(utee_syscalls_a64.o)
                0x00000000000002ac                _utee_cryp_obj_get_info
 .text._utee_cryp_obj_restrict_usage
                0x00000000000002b8        0xc /home/xiang/rockpi4-android/optee_os/out/arm-plat-rockchip/export-ta_arm64/lib/libutee.a(utee_syscalls_a64.o)
                0x00000000000002b8                _utee_cryp_obj_restrict_usage
 .text._utee_cryp_obj_get_attr
                0x00000000000002c4        0xc /home/xiang/rockpi4-android/optee_os/out/arm-plat-rockchip/export-ta_arm64/lib/libutee.a(utee_syscalls_a64.o)
                0x00000000000002c4                _utee_cryp_obj_get_attr
 .text._utee_cryp_obj_alloc
                0x00000000000002d0        0xc /home/xiang/rockpi4-android/optee_os/out/arm-plat-rockchip/export-ta_arm64/lib/libutee.a(utee_syscalls_a64.o)
                0x00000000000002d0                _utee_cryp_obj_alloc
 .text._utee_cryp_obj_close
                0x00000000000002dc        0xc /home/xiang/rockpi4-android/optee_os/out/arm-plat-rockchip/export-ta_arm64/lib/libutee.a(utee_syscalls_a64.o)
                0x00000000000002dc                _utee_cryp_obj_close
 .text._utee_cryp_obj_reset
                0x00000000000002e8        0xc /home/xiang/rockpi4-android/optee_os/out/arm-plat-rockchip/export-ta_arm64/lib/libutee.a(utee_syscalls_a64.o)
                0x00000000000002e8                _utee_cryp_obj_reset
 .text._utee_cryp_obj_populate
                0x00000000000002f4        0xc /home/xiang/rockpi4-android/optee_os/out/arm-plat-rockchip/export-ta_arm64/lib/libutee.a(utee_syscalls_a64.o)
                0x00000000000002f4                _utee_cryp_obj_populate
 .text._utee_cryp_obj_copy
                0x0000000000000300        0xc /home/xiang/rockpi4-android/optee_os/out/arm-plat-rockchip/export-ta_arm64/lib/libutee.a(utee_syscalls_a64.o)
                0x0000000000000300                _utee_cryp_obj_copy
 .text._utee_cryp_derive_key
                0x000000000000030c        0xc /home/xiang/rockpi4-android/optee_os/out/arm-plat-rockchip/export-ta_arm64/lib/libutee.a(utee_syscalls_a64.o)
                0x000000000000030c                _utee_cryp_derive_key
 .text._utee_cryp_random_number_generate
                0x0000000000000318        0xc /home/xiang/rockpi4-android/optee_os/out/arm-plat-rockchip/export-ta_arm64/lib/libutee.a(utee_syscalls_a64.o)
                0x0000000000000318                _utee_cryp_random_number_generate
 .text._utee_authenc_init
                0x0000000000000324        0xc /home/xiang/rockpi4-android/optee_os/out/arm-plat-rockchip/export-ta_arm64/lib/libutee.a(utee_syscalls_a64.o)
                0x0000000000000324                _utee_authenc_init
 .text._utee_authenc_update_aad
                0x0000000000000330        0xc /home/xiang/rockpi4-android/optee_os/out/arm-plat-rockchip/export-ta_arm64/lib/libutee.a(utee_syscalls_a64.o)
                0x0000000000000330                _utee_authenc_update_aad
 .text._utee_authenc_update_payload
                0x000000000000033c        0xc /home/xiang/rockpi4-android/optee_os/out/arm-plat-rockchip/export-ta_arm64/lib/libutee.a(utee_syscalls_a64.o)
                0x000000000000033c                _utee_authenc_update_payload
 .text._utee_authenc_enc_final
                0x0000000000000348        0xc /home/xiang/rockpi4-android/optee_os/out/arm-plat-rockchip/export-ta_arm64/lib/libutee.a(utee_syscalls_a64.o)
                0x0000000000000348                _utee_authenc_enc_final
 .text._utee_authenc_dec_final
                0x0000000000000354        0xc /home/xiang/rockpi4-android/optee_os/out/arm-plat-rockchip/export-ta_arm64/lib/libutee.a(utee_syscalls_a64.o)
                0x0000000000000354                _utee_authenc_dec_final
 .text._utee_asymm_operate
                0x0000000000000360        0xc /home/xiang/rockpi4-android/optee_os/out/arm-plat-rockchip/export-ta_arm64/lib/libutee.a(utee_syscalls_a64.o)
                0x0000000000000360                _utee_asymm_operate
 .text._utee_asymm_verify
                0x000000000000036c        0xc /home/xiang/rockpi4-android/optee_os/out/arm-plat-rockchip/export-ta_arm64/lib/libutee.a(utee_syscalls_a64.o)
                0x000000000000036c                _utee_asymm_verify
 .text._utee_storage_obj_open
                0x0000000000000378        0xc /home/xiang/rockpi4-android/optee_os/out/arm-plat-rockchip/export-ta_arm64/lib/libutee.a(utee_syscalls_a64.o)
                0x0000000000000378                _utee_storage_obj_open
 .text._utee_storage_obj_create
                0x0000000000000384        0xc /home/xiang/rockpi4-android/optee_os/out/arm-plat-rockchip/export-ta_arm64/lib/libutee.a(utee_syscalls_a64.o)
                0x0000000000000384                _utee_storage_obj_create
 .text._utee_storage_obj_del
                0x0000000000000390        0xc /home/xiang/rockpi4-android/optee_os/out/arm-plat-rockchip/export-ta_arm64/lib/libutee.a(utee_syscalls_a64.o)
                0x0000000000000390                _utee_storage_obj_del
 .text._utee_storage_obj_rename
                0x000000000000039c        0xc /home/xiang/rockpi4-android/optee_os/out/arm-plat-rockchip/export-ta_arm64/lib/libutee.a(utee_syscalls_a64.o)
                0x000000000000039c                _utee_storage_obj_rename
 .text._utee_storage_alloc_enum
                0x00000000000003a8        0xc /home/xiang/rockpi4-android/optee_os/out/arm-plat-rockchip/export-ta_arm64/lib/libutee.a(utee_syscalls_a64.o)
                0x00000000000003a8                _utee_storage_alloc_enum
 .text._utee_storage_free_enum
                0x00000000000003b4        0xc /home/xiang/rockpi4-android/optee_os/out/arm-plat-rockchip/export-ta_arm64/lib/libutee.a(utee_syscalls_a64.o)
                0x00000000000003b4                _utee_storage_free_enum
 .text._utee_storage_reset_enum
                0x00000000000003c0        0xc /home/xiang/rockpi4-android/optee_os/out/arm-plat-rockchip/export-ta_arm64/lib/libutee.a(utee_syscalls_a64.o)
                0x00000000000003c0                _utee_storage_reset_enum
 .text._utee_storage_start_enum
                0x00000000000003cc        0xc /home/xiang/rockpi4-android/optee_os/out/arm-plat-rockchip/export-ta_arm64/lib/libutee.a(utee_syscalls_a64.o)
                0x00000000000003cc                _utee_storage_start_enum
 .text._utee_storage_next_enum
                0x00000000000003d8        0xc /home/xiang/rockpi4-android/optee_os/out/arm-plat-rockchip/export-ta_arm64/lib/libutee.a(utee_syscalls_a64.o)
                0x00000000000003d8                _utee_storage_next_enum
 .text._utee_storage_obj_read
                0x00000000000003e4        0xc /home/xiang/rockpi4-android/optee_os/out/arm-plat-rockchip/export-ta_arm64/lib/libutee.a(utee_syscalls_a64.o)
                0x00000000000003e4                _utee_storage_obj_read
 .text._utee_storage_obj_write
                0x00000000000003f0        0xc /home/xiang/rockpi4-android/optee_os/out/arm-plat-rockchip/export-ta_arm64/lib/libutee.a(utee_syscalls_a64.o)
                0x00000000000003f0                _utee_storage_obj_write
 .text._utee_storage_obj_trunc
                0x00000000000003fc        0xc /home/xiang/rockpi4-android/optee_os/out/arm-plat-rockchip/export-ta_arm64/lib/libutee.a(utee_syscalls_a64.o)
                0x00000000000003fc                _utee_storage_obj_trunc
 .text._utee_storage_obj_seek
                0x0000000000000408        0xc /home/xiang/rockpi4-android/optee_os/out/arm-plat-rockchip/export-ta_arm64/lib/libutee.a(utee_syscalls_a64.o)
                0x0000000000000408                _utee_storage_obj_seek
 .text._utee_cryp_obj_generate_key
                0x0000000000000414        0xc /home/xiang/rockpi4-android/optee_os/out/arm-plat-rockchip/export-ta_arm64/lib/libutee.a(utee_syscalls_a64.o)
                0x0000000000000414                _utee_cryp_obj_generate_key
 .text._utee_cache_operation
                0x0000000000000420        0xc /home/xiang/rockpi4-android/optee_os/out/arm-plat-rockchip/export-ta_arm64/lib/libutee.a(utee_syscalls_a64.o)
                0x0000000000000420                _utee_cache_operation
 .text          0x000000000000042c      0x6ac /home/xiang/rockpi4-android/optee_os/out/arm-plat-rockchip/export-ta_arm64/lib/libutee.a(user_ta_entry.o)
                0x00000000000006dc                __utee_call_elf_init_fn
                0x0000000000000800                __utee_call_elf_fini_fn
                0x00000000000008a8                __utee_entry
 .text          0x0000000000000ad8       0x20 /home/xiang/rockpi4-android/optee_os/out/arm-plat-rockchip/export-ta_arm64/lib/libutee.a(abort.o)
                0x0000000000000ad8                abort
 .text          0x0000000000000af8      0x178 /home/xiang/rockpi4-android/optee_os/out/arm-plat-rockchip/export-ta_arm64/lib/libutee.a(trace_ext.o)
                0x0000000000000af8                trace_ext_puts
                0x0000000000000b20                trace_ext_get_thread_id
                0x0000000000000b28                printf
                0x0000000000000bf4                puts
                0x0000000000000c34                putchar
 .text          0x0000000000000c70      0x7b0 /home/xiang/rockpi4-android/optee_os/out/arm-plat-rockchip/export-ta_arm64/lib/libutee.a(tee_api.o)
                0x0000000000000d28                TEE_CloseTASession
                0x0000000000000d50                TEE_GetCancellationFlag
                0x0000000000000d7c                TEE_UnmaskCancellation
                0x0000000000000da8                TEE_MaskCancellation
                0x0000000000000dd4                TEE_CheckMemoryAccessRights
                0x0000000000000fbc                TEE_OpenTASession
                0x00000000000010b4                TEE_InvokeTACommand
                0x00000000000011dc                TEE_SetInstanceData
                0x00000000000011e8                TEE_GetInstanceData
                0x00000000000011f4                TEE_MemMove
                0x00000000000011fc                TEE_MemCompare
                0x0000000000001204                TEE_MemFill
                0x000000000000120c                TEE_GetSystemTime
                0x0000000000001234                TEE_Wait
                0x0000000000001270                TEE_GetTAPersistentTime
                0x00000000000012f4                TEE_SetTAPersistentTime
                0x0000000000001338                TEE_GetREETime
                0x0000000000001360                TEE_Malloc
                0x00000000000013c8                TEE_Free
                0x00000000000013d8                TEE_Realloc
                0x0000000000001408                TEE_CacheClean
                0x0000000000001410                TEE_CacheFlush
                0x0000000000001418                TEE_CacheInvalidate
 .text          0x0000000000001420     0x192c /home/xiang/rockpi4-android/optee_os/out/arm-plat-rockchip/export-ta_arm64/lib/libutee.a(tee_api_arith_mpi.o)
                0x0000000000001bf4                _TEE_MathAPI_Init
                0x0000000000001c44                TEE_BigIntInit
                0x0000000000001ca8                TEE_BigIntConvertFromOctetString
                0x0000000000001d44                TEE_BigIntConvertToOctetString
                0x0000000000001dd8                TEE_BigIntConvertFromS32
                0x0000000000001e5c                TEE_BigIntConvertToS32
                0x0000000000001ee8                TEE_BigIntCmp
                0x0000000000001f50                TEE_BigIntCmpS32
                0x0000000000002134                TEE_BigIntShiftRight
                0x00000000000022a0                TEE_BigIntGetBit
                0x00000000000022ec                TEE_BigIntGetBitCount
                0x000000000000232c                TEE_BigIntAdd
                0x0000000000002338                TEE_BigIntSub
                0x0000000000002344                TEE_BigIntNeg
                0x00000000000023f4                TEE_BigIntMul
                0x00000000000024dc                TEE_BigIntSquare
                0x00000000000024e4                TEE_BigIntDiv
                0x0000000000002664                TEE_BigIntMod
                0x00000000000026d0                TEE_BigIntAddMod
                0x00000000000026dc                TEE_BigIntSubMod
                0x00000000000026e8                TEE_BigIntMulMod
                0x00000000000026f4                TEE_BigIntSquareMod
                0x0000000000002700                TEE_BigIntInvMod
                0x000000000000281c                TEE_BigIntRelativePrime
                0x00000000000028f0                TEE_BigIntComputeExtendedGcd
                0x0000000000002b28                TEE_BigIntIsProbablePrime
                0x0000000000002b78                TEE_BigIntInitFMM
                0x0000000000002b7c                TEE_BigIntInitFMMContext
                0x0000000000002b80                TEE_BigIntFMMSizeInU32
                0x0000000000002b90                TEE_BigIntFMMContextSizeInU32
                0x0000000000002b98                TEE_BigIntConvertToFMM
                0x0000000000002b9c                TEE_BigIntConvertFromFMM
                0x0000000000002c38                TEE_BigIntComputeFMM
 .text.unlikely
                0x0000000000002d4c       0x30 /home/xiang/rockpi4-android/optee_os/out/arm-plat-rockchip/export-ta_arm64/lib/libutee.a(tee_api_arith_mpi.o)
 .text          0x0000000000002d7c      0x160 /home/xiang/rockpi4-android/optee_os/out/arm-plat-rockchip/export-ta_arm64/lib/libutee.a(tee_api_panic.o)
                0x0000000000002d98                TEE_Panic
                0x0000000000002db0                __utee_check_outbuf_annotation
                0x0000000000002dfc                __utee_check_instring_annotation
                0x0000000000002e2c                __utee_check_outstring_annotation
                0x0000000000002e78                __utee_check_out_annotation
                0x0000000000002e98                __utee_check_attr_in_annotation
                0x0000000000002ebc                __utee_check_inout_annotation
 .text          0x0000000000002edc      0xab0 /home/xiang/rockpi4-android/optee_os/out/arm-plat-rockchip/export-ta_arm64/lib/libutee.a(tee_api_property.o)
                0x0000000000003210                TEE_GetPropertyAsString
                0x0000000000003434                TEE_GetPropertyAsBool
                0x00000000000034d8                TEE_GetPropertyAsU32
                0x0000000000003580                TEE_GetPropertyAsBinaryBlock
                0x0000000000003634                TEE_GetPropertyAsUUID
                0x00000000000036dc                TEE_GetPropertyAsIdentity
                0x0000000000003784                TEE_ResetPropertyEnumerator
                0x0000000000003790                TEE_AllocatePropertyEnumerator
                0x00000000000037d8                TEE_FreePropertyEnumerator
                0x00000000000037dc                TEE_StartPropertyEnumerator
                0x00000000000037ec                TEE_GetPropertyName
                0x00000000000038e0                TEE_GetNextProperty
 .text          0x000000000000398c      0x230 /home/xiang/rockpi4-android/optee_os/out/arm-plat-rockchip/export-ta_arm64/lib/libutee.a(tee_system_pta.o)
                0x0000000000003a14                tee_map_zi
                0x0000000000003a78                tee_unmap
                0x0000000000003b04                tee_invoke_supp_plugin
 .text          0x0000000000003bbc      0x34c /home/xiang/rockpi4-android/optee_os/out/arm-plat-rockchip/export-ta_arm64/lib/libutee.a(tcb.o)
                0x0000000000003bbc                __utee_tcb_init
                0x0000000000003dfc                __tls_get_addr
                0x0000000000003e18                dl_iterate_phdr
 .text          0x0000000000003f08       0x58 /home/xiang/rockpi4-android/optee_os/out/arm-plat-rockchip/export-ta_arm64/lib/libutee.a(assert.o)
                0x0000000000003f08                _assert_log
                0x0000000000003f4c                _assert_break
 .text          0x0000000000003f60      0x254 /home/xiang/rockpi4-android/optee_os/out/arm-plat-rockchip/export-ta_arm64/lib/libutee.a(base64.o)
                0x0000000000003f60                _base64_enc_len
                0x0000000000003f78                _base64_enc
                0x0000000000004090                _base64_dec
 .text          0x00000000000041b4     0x3f2c /home/xiang/rockpi4-android/optee_os/out/arm-plat-rockchip/export-ta_arm64/lib/libmbedtls.a(bignum.o)
                0x00000000000049e4                mbedtls_mpi_init
                0x00000000000049f8                mbedtls_mpi_init_mempool
                0x0000000000004a20                mbedtls_mpi_free
                0x0000000000004a8c                mbedtls_mpi_grow
                0x0000000000004bec                mbedtls_mpi_shrink
                0x0000000000004d18                mbedtls_mpi_copy
                0x0000000000004dfc                mbedtls_mpi_swap
                0x0000000000004e5c                mbedtls_mpi_lset
                0x0000000000004ec4                mbedtls_mpi_get_bit
                0x0000000000004ef4                mbedtls_mpi_set_bit
                0x0000000000004f80                mbedtls_mpi_lsb
                0x0000000000004fd4                mbedtls_mpi_bitlen
                0x0000000000005040                mbedtls_mpi_size
                0x000000000000505c                mbedtls_mpi_read_binary_le
                0x00000000000050d0                mbedtls_mpi_read_binary
                0x0000000000005154                mbedtls_mpi_write_binary_le
                0x000000000000520c                mbedtls_mpi_write_binary
                0x00000000000052cc                mbedtls_mpi_shift_l
                0x00000000000053cc                mbedtls_mpi_shift_r
                0x0000000000005488                mbedtls_mpi_cmp_abs
                0x0000000000005538                mbedtls_mpi_cmp_mpi
                0x0000000000005628                mbedtls_mpi_cmp_int
                0x0000000000005668                mbedtls_mpi_add_abs
                0x00000000000057a4                mbedtls_mpi_sub_abs
                0x0000000000005908                mbedtls_mpi_add_mpi
                0x0000000000005990                mbedtls_mpi_sub_mpi
                0x0000000000005a1c                mbedtls_mpi_add_int
                0x0000000000005a5c                mbedtls_mpi_sub_int
                0x0000000000005a9c                mbedtls_mpi_mul_mpi
                0x0000000000005c2c                mbedtls_mpi_mul_int
                0x0000000000005ce8                mbedtls_mpi_read_string
                0x0000000000005ec0                mbedtls_mpi_div_mpi
                0x00000000000063c4                mbedtls_mpi_div_int
                0x0000000000006404                mbedtls_mpi_mod_mpi
                0x00000000000064b8                mbedtls_mpi_mod_int
                0x0000000000006558                mbedtls_mpi_write_string
                0x0000000000006854                mbedtls_mpi_montg_init
                0x000000000000685c                mbedtls_mpi_montmul
                0x0000000000006864                mbedtls_mpi_montred
                0x0000000000006868                mbedtls_mpi_exp_mod
                0x0000000000006ef4                mbedtls_mpi_gcd
                0x0000000000007098                mbedtls_mpi_fill_random
                0x0000000000007370                mbedtls_mpi_random
                0x00000000000074f4                mbedtls_mpi_inv_mod
                0x0000000000007914                mbedtls_mpi_is_prime_ext
                0x00000000000079bc                mbedtls_mpi_is_prime
                0x00000000000079cc                mbedtls_mpi_gen_prime
                0x0000000000007cec                mbedtls_mpi_self_test
 .text          0x00000000000080e0      0x7fc /home/xiang/rockpi4-android/optee_os/out/arm-plat-rockchip/export-ta_arm64/lib/libmbedtls.a(constant_time.o)
                0x0000000000008100                mbedtls_ct_memcmp
                0x0000000000008148                mbedtls_ct_uint_mask
                0x0000000000008158                mbedtls_ct_mpi_uint_mask
                0x0000000000008168                mbedtls_ct_size_bool_eq
                0x0000000000008180                mbedtls_ct_mpi_uint_lt
                0x000000000000819c                mbedtls_ct_uint_if
                0x00000000000081cc                mbedtls_ct_mpi_uint_cond_assign
                0x0000000000008208                mbedtls_ct_base64_enc_char
                0x00000000000082c8                mbedtls_ct_base64_dec_value
                0x0000000000008394                mbedtls_mpi_safe_cond_assign
                0x0000000000008454                mbedtls_mpi_safe_cond_swap
                0x0000000000008554                mbedtls_mpi_lt_mpi_ct
                0x0000000000008654                mbedtls_ct_rsaes_pkcs1_v15_unpadding
 .text          0x00000000000088dc       0x1c /home/xiang/rockpi4-android/optee_os/out/arm-plat-rockchip/export-ta_arm64/lib/libmbedtls.a(platform_util.o)
                0x00000000000088dc                mbedtls_platform_zeroize
 .text          0x00000000000088f8      0xec8 /home/xiang/rockpi4-android/optee_os/out/arm-plat-rockchip/export-ta_arm64/lib/libutils.a(bget_malloc.o)
                0x0000000000008930                bget
                0x0000000000008c38                bgetz
                0x0000000000008cc0                brel
                0x0000000000008f80                bgetr
                0x0000000000009054                bpool
                0x0000000000009128                bstats
                0x00000000000091c0                malloc_reset_stats
                0x00000000000091d8                malloc_get_stats
                0x0000000000009210                raw_memalign
                0x0000000000009288                raw_malloc
                0x0000000000009298                raw_free
                0x00000000000092a8                raw_calloc
                0x0000000000009318                raw_realloc
                0x00000000000094e8                malloc
                0x0000000000009500                calloc
                0x000000000000951c                realloc
                0x0000000000009534                memalign
                0x0000000000009550                free
                0x0000000000009560                free_wipe
                0x0000000000009570                raw_malloc_get_ctx_size
                0x0000000000009578                raw_malloc_init_ctx
                0x00000000000095a4                raw_malloc_add_pool
                0x00000000000095a8                raw_malloc_get_stats
                0x00000000000095e4                malloc_add_pool
                0x00000000000095f8                malloc_buffer_is_within_alloced
                0x0000000000009754                malloc_buffer_overlaps_heap
 .text.unlikely
                0x00000000000097c0       0x2c /home/xiang/rockpi4-android/optee_os/out/arm-plat-rockchip/export-ta_arm64/lib/libutils.a(bget_malloc.o)
 .text          0x00000000000097ec       0xcc /home/xiang/rockpi4-android/optee_os/out/arm-plat-rockchip/export-ta_arm64/lib/libutils.a(snprintf.o)
                0x00000000000097ec                snprintf
                0x0000000000009864                vsnprintf
 .text          0x00000000000098b8       0x4c /home/xiang/rockpi4-android/optee_os/out/arm-plat-rockchip/export-ta_arm64/lib/libutils.a(memmove.o)
                0x00000000000098b8                memmove
 .text          0x0000000000009904       0x1c /home/xiang/rockpi4-android/optee_os/out/arm-plat-rockchip/export-ta_arm64/lib/libutils.a(memset.o)
                0x0000000000009904                memset
 .text          0x0000000000009920       0x30 /home/xiang/rockpi4-android/optee_os/out/arm-plat-rockchip/export-ta_arm64/lib/libutils.a(strcmp.o)
                0x0000000000009920                strcmp
 .text          0x0000000000009950       0x1c /home/xiang/rockpi4-android/optee_os/out/arm-plat-rockchip/export-ta_arm64/lib/libutils.a(strlen.o)
                0x0000000000009950                strlen
 .text          0x000000000000996c      0xdc4 /home/xiang/rockpi4-android/optee_os/out/arm-plat-rockchip/export-ta_arm64/lib/libutils.a(snprintk.o)
                0x000000000000996c                __vsnprintf
                0x00000000000099f8                vsnprintk
                0x0000000000009a4c                snprintk
                0x000000000000a6e4                __vsprintf
 .text          0x000000000000a730       0x38 /home/xiang/rockpi4-android/optee_os/out/arm-plat-rockchip/export-ta_arm64/lib/libutils.a(strlcpy.o)
                0x000000000000a730                strlcpy
 .text          0x000000000000a768      0x298 /home/xiang/rockpi4-android/optee_os/out/arm-plat-rockchip/export-ta_arm64/lib/libutils.a(trace.o)
                0x000000000000a768                trace_set_level
                0x000000000000a788                trace_get_level
                0x000000000000a798                trace_vprintf
                0x000000000000a98c                trace_printf
                0x000000000000a9fc                dhex_dump
 .text          0x000000000000aa00      0x190 /home/xiang/rockpi4-android/optee_os/out/arm-plat-rockchip/export-ta_arm64/lib/libutils.a(mempool.o)
                0x000000000000aa00                mempool_alloc_pool
                0x000000000000aac8                mempool_alloc
                0x000000000000ab2c                mempool_calloc
                0x000000000000ab7c                mempool_free
 .text          0x000000000000ab90       0x70 /home/xiang/rockpi4-android/optee_os/out/arm-plat-rockchip/export-ta_arm64/lib/libutils.a(consttime_memcmp.o)
                0x000000000000ab90                consttime_memcmp
 .text          0x000000000000ac00       0x2c /home/xiang/rockpi4-android/optee_os/out/arm-plat-rockchip/export-ta_arm64/lib/libutils.a(memchr.o)
                0x000000000000ac00                memchr
 .text          0x000000000000ac2c        0x0 /home/xiang/rockpi4-android/optee_os/out/arm-plat-rockchip/export-ta_arm64/lib/libutee.a(utee_syscalls_a64.o)
 *(SORT(.stub))
 *(SORT(.glue_7))
 *(SORT(.glue_7t))
 *(SORT(.gnu.linkonce.t.*))
 *(SORT(.vfp11_veneer))
                0x000000000000ac2c                __text_end = .

.note.gnu.property
 *(SORT(.note.gnu.property))

.plt            0x000000000000ac2c        0x0
 *(SORT(.plt))
 .plt           0x000000000000ac2c        0x0 /home/xiang/rockpi4-android/external/hello_ta/ta/out/hello_ta.o

.eh_frame_hdr
 *(SORT(.eh_frame_hdr))
 *(SORT(.eh_frame_entry) SORT(.eh_frame_entry.*))

.eh_frame
 *(SORT(.eh_frame))
 *(SORT(.eh_frame.*))

.gcc_except_table
 *(SORT(.gcc_except_table) SORT(.gcc_except_table.*))

.rodata         0x000000000000ac30     0x11b1
 *(SORT(.gnu.linkonce.r.*))
 *(SORT(.rodata) SORT(.rodata.*))
 .rodata.user_ta_header.c
                0x000000000000ac30       0x23 /home/xiang/rockpi4-android/external/hello_ta/ta/out/user_ta_header.o
                0x000000000000ac30                ta_num_props
                0x000000000000ac48                ta_heap_size
                0x000000000000ac50                trace_ext_prefix
 *fill*         0x000000000000ac53        0x5 
 .rodata.lib/libutee/arch/arm/user_ta_entry.c
                0x000000000000ac58       0x26 /home/xiang/rockpi4-android/optee_os/out/arm-plat-rockchip/export-ta_arm64/lib/libutee.a(user_ta_entry.o)
 *fill*         0x000000000000ac7e        0x2 
 .rodata.lib/libutee/tee_api.c
                0x000000000000ac80       0x1b /home/xiang/rockpi4-android/optee_os/out/arm-plat-rockchip/export-ta_arm64/lib/libutee.a(tee_api.o)
 *fill*         0x000000000000ac9b        0x5 
 .rodata.lib/libutee/tee_api_arith_mpi.c
                0x000000000000aca0      0x175 /home/xiang/rockpi4-android/optee_os/out/arm-plat-rockchip/export-ta_arm64/lib/libutee.a(tee_api_arith_mpi.o)
 *fill*         0x000000000000ae15        0x3 
 .rodata.lib/libutee/tee_system_pta.c
                0x000000000000ae18       0x37 /home/xiang/rockpi4-android/optee_os/out/arm-plat-rockchip/export-ta_arm64/lib/libutee.a(tee_system_pta.o)
 *fill*         0x000000000000ae4f        0x1 
 .rodata.lib/libutee/arch/arm/tcb.c
                0x000000000000ae50       0x20 /home/xiang/rockpi4-android/optee_os/out/arm-plat-rockchip/export-ta_arm64/lib/libutee.a(tcb.o)
 .rodata.lib/libutee/base64.c
                0x000000000000ae70       0x49 /home/xiang/rockpi4-android/optee_os/out/arm-plat-rockchip/export-ta_arm64/lib/libutee.a(base64.o)
 *fill*         0x000000000000aeb9        0x7 
 .rodata.lib/libmbedtls/mbedtls/library/bignum.c
                0x000000000000aec0      0x2c4 /home/xiang/rockpi4-android/optee_os/out/arm-plat-rockchip/export-ta_arm64/lib/libmbedtls.a(bignum.o)
 *fill*         0x000000000000b184        0x4 
 .rodata.lib/libutils/isoc/bget_malloc.c
                0x000000000000b188       0x6b /home/xiang/rockpi4-android/optee_os/out/arm-plat-rockchip/export-ta_arm64/lib/libutils.a(bget_malloc.o)
 *fill*         0x000000000000b1f3        0x5 
 .rodata.lib/libutils/ext/snprintk.c
                0x000000000000b1f8       0x29 /home/xiang/rockpi4-android/optee_os/out/arm-plat-rockchip/export-ta_arm64/lib/libutils.a(snprintk.o)
 *fill*         0x000000000000b221        0x7 
 .rodata.lib/libutils/ext/trace.c
                0x000000000000b228        0x5 /home/xiang/rockpi4-android/optee_os/out/arm-plat-rockchip/export-ta_arm64/lib/libutils.a(trace.o)
 *fill*         0x000000000000b22d        0x3 
 .rodata.lib/libutils/ext/mempool.c
                0x000000000000b230       0x36 /home/xiang/rockpi4-android/optee_os/out/arm-plat-rockchip/export-ta_arm64/lib/libutils.a(mempool.o)
 *fill*         0x000000000000b266        0x2 
 .rodata.lib/libutee/tee_api_property.c
                0x000000000000b268       0x1c /home/xiang/rockpi4-android/optee_os/out/arm-plat-rockchip/export-ta_arm64/lib/libutee.a(tee_api_property.o)
 .rodata.str1.1.user_ta_header.c
                0x000000000000b284       0xdd /home/xiang/rockpi4-android/external/hello_ta/ta/out/user_ta_header.o
 .rodata.str1.1.lib/libutee/arch/arm/user_ta_entry.c
                0x000000000000b361       0x4f /home/xiang/rockpi4-android/optee_os/out/arm-plat-rockchip/export-ta_arm64/lib/libutee.a(user_ta_entry.o)
 .rodata.str1.1.lib/libutee/abort.c
                0x000000000000b3b0        0x7 /home/xiang/rockpi4-android/optee_os/out/arm-plat-rockchip/export-ta_arm64/lib/libutee.a(abort.o)
 .rodata.str1.1.lib/libutee/trace_ext.c
                0x000000000000b3b7        0x7 /home/xiang/rockpi4-android/optee_os/out/arm-plat-rockchip/export-ta_arm64/lib/libutee.a(trace_ext.o)
                                          0x2 (size before relaxing)
 .rodata.str1.1.lib/libutee/tee_api.c
                0x000000000000b3b7       0x11 /home/xiang/rockpi4-android/optee_os/out/arm-plat-rockchip/export-ta_arm64/lib/libutee.a(tee_api.o)
 .rodata.str1.1.lib/libutee/tee_api_arith_mpi.c
                0x000000000000b3c8       0xb7 /home/xiang/rockpi4-android/optee_os/out/arm-plat-rockchip/export-ta_arm64/lib/libutee.a(tee_api_arith_mpi.o)
 .rodata.str1.1.lib/libutee/tee_api_property.c
                0x000000000000b47f       0x66 /home/xiang/rockpi4-android/optee_os/out/arm-plat-rockchip/export-ta_arm64/lib/libutee.a(tee_api_property.o)
                                         0x6b (size before relaxing)
 .rodata.str1.1.lib/libutee/tee_system_pta.c
                0x000000000000b4e5       0x55 /home/xiang/rockpi4-android/optee_os/out/arm-plat-rockchip/export-ta_arm64/lib/libutee.a(tee_system_pta.o)
 .rodata.str1.1.lib/libutee/arch/arm/tcb.c
                0x000000000000b53a       0x96 /home/xiang/rockpi4-android/optee_os/out/arm-plat-rockchip/export-ta_arm64/lib/libutee.a(tcb.o)
 .rodata.str1.1.lib/libutee/assert.c
                0x000000000000b5d0       0x27 /home/xiang/rockpi4-android/optee_os/out/arm-plat-rockchip/export-ta_arm64/lib/libutee.a(assert.o)
 .rodata.str1.1.lib/libmbedtls/mbedtls/library/bignum.c
                0x000000000000b5f7      0x456 /home/xiang/rockpi4-android/optee_os/out/arm-plat-rockchip/export-ta_arm64/lib/libmbedtls.a(bignum.o)
                                        0x45d (size before relaxing)
 .rodata.str1.1.lib/libutils/isoc/bget_malloc.c
                0x000000000000ba4d      0x2b9 /home/xiang/rockpi4-android/optee_os/out/arm-plat-rockchip/export-ta_arm64/lib/libutils.a(bget_malloc.o)
                                        0x2c2 (size before relaxing)
 .rodata.str1.1.lib/libutils/ext/snprintk.c
                0x000000000000bd06       0x38 /home/xiang/rockpi4-android/optee_os/out/arm-plat-rockchip/export-ta_arm64/lib/libutils.a(snprintk.o)
 .rodata.str1.1.lib/libutils/ext/trace.c
                0x000000000000bd3e       0x1a /home/xiang/rockpi4-android/optee_os/out/arm-plat-rockchip/export-ta_arm64/lib/libutils.a(trace.o)
                                         0x1b (size before relaxing)
 .rodata.str1.1.lib/libutils/ext/mempool.c
                0x000000000000bd58       0x89 /home/xiang/rockpi4-android/optee_os/out/arm-plat-rockchip/export-ta_arm64/lib/libutils.a(mempool.o)

.gnu.version_d  0x000000000000bde8        0x0
 .gnu.version_d
                0x000000000000bde8        0x0 /home/xiang/rockpi4-android/external/hello_ta/ta/out/hello_ta.o

.gnu.version    0x000000000000bde2        0x0
 .gnu.version   0x000000000000bde2        0x0 /home/xiang/rockpi4-android/external/hello_ta/ta/out/hello_ta.o

.gnu.version_r  0x000000000000bde8        0x0
 .gnu.version_r
                0x000000000000bde8        0x0 /home/xiang/rockpi4-android/external/hello_ta/ta/out/hello_ta.o

.ARM.extab
 *(SORT(.ARM.extab*) SORT(.gnu.linkonce.armextab.*))
                [!provide]                        PROVIDE (__exidx_start, .)

.ARM.exidx
 *(SORT(.ARM.exidx*) SORT(.gnu.linkonce.armexidx.*))
                [!provide]                        PROVIDE (__exidx_end, .)

.ctors
 *(SORT(.ctors))

.dtors
 *(SORT(.dtors))

.dynsym         0x000000000000bde8      0x1c8
 *(SORT(.dynsym))
 .dynsym        0x000000000000bde8      0x1c8 /home/xiang/rockpi4-android/external/hello_ta/ta/out/hello_ta.o

.dynstr         0x000000000000bfb0       0xe8
 *(SORT(.dynstr))
 .dynstr        0x000000000000bfb0       0xe8 /home/xiang/rockpi4-android/external/hello_ta/ta/out/hello_ta.o

.hash           0x000000000000c098       0x60
 *(SORT(.hash))
 .hash          0x000000000000c098       0x60 /home/xiang/rockpi4-android/external/hello_ta/ta/out/hello_ta.o

.rela.dyn       0x000000000000c0f8      0x2b8
 .rela.ifunc    0x000000000000c0f8        0x0 /home/xiang/rockpi4-android/external/hello_ta/ta/out/hello_ta.o
 .rela.data.rel.ro.local
                0x000000000000c0f8      0x240 /home/xiang/rockpi4-android/external/hello_ta/ta/out/hello_ta.o
 .rela.data.rel.local
                0x000000000000c338       0x60 /home/xiang/rockpi4-android/external/hello_ta/ta/out/hello_ta.o
 .rela.data.rel
                0x000000000000c398       0x18 /home/xiang/rockpi4-android/external/hello_ta/ta/out/hello_ta.o
                0x000000000000d000                . = ALIGN (0x1000)

.dynamic        0x000000000000d000      0x100
 *(SORT(.dynamic))
 .dynamic       0x000000000000d000      0x100 /home/xiang/rockpi4-android/external/hello_ta/ta/out/hello_ta.o
                0x000000000000d000                _DYNAMIC

.tdata
 *(SORT(.tdata) SORT(.tdata.*) SORT(.gnu.linkonce.td.*))

.tbss
 *(SORT(.tbss) SORT(.tbss.*) SORT(.gnu.linkonce.tb.*))
 *(SORT(.tcommon))

.got            0x000000000000d100       0xa0
 *(SORT(.got.plt))
 .got.plt       0x000000000000d100       0x18 /home/xiang/rockpi4-android/external/hello_ta/ta/out/hello_ta.o
 *(SORT(.got))
 .got           0x000000000000d118       0x88 /home/xiang/rockpi4-android/external/hello_ta/ta/out/hello_ta.o
                0x000000000000d118                _GLOBAL_OFFSET_TABLE_

.rel.text
 *(SORT(.rel.text))
 *(SORT(.rel.gnu.linkonce.t*))

.rela.text
 *(SORT(.rela.text))
 *(SORT(.rela.gnu.linkonce.t*))

.rel.data
 *(SORT(.rel.data))
 *(SORT(.rel.gnu.linkonce.d*))

.rela.data
 *(SORT(.rela.data))
 *(SORT(.rela.gnu.linkonce.d*))

.rel.tdata
 *(SORT(.rel.tdata) SORT(.rel.tdata.*) SORT(.rel.gnu.linkonce.td.*))

.rela.tdata
 *(SORT(.rela.tdata) SORT(.rela.tdata.*) SORT(.rela.gnu.linkonce.td.*))

.rel.tbss
 *(SORT(.rel.tbss) SORT(.rel.tbss.*) SORT(.rel.gnu.linkonce.tb.*))

.rela.tbss
 *(SORT(.rela.tbss) SORT(.rela.tbss.*) SORT(.rela.gnu.linkonce.tb.*))

.rel.rodata
 *(SORT(.rel.rodata))
 *(SORT(.rel.gnu.linkonce.r*))

.rela.rodata
 *(SORT(.rela.rodata))
 *(SORT(.rela.gnu.linkonce.r*))

.rel.dyn
 *(SORT(.rel.dyn))

.rel.got
 *(SORT(.rel.got))

.rela.got       0x000000000000d1a0      0x180
 *(SORT(.rela.got))
 .rela.got      0x000000000000d1a0      0x180 /home/xiang/rockpi4-android/external/hello_ta/ta/out/hello_ta.o

.rel.ctors
 *(SORT(.rel.ctors))

.rela.ctors
 *(SORT(.rela.ctors))

.rel.dtors
 *(SORT(.rel.dtors))

.rela.dtors
 *(SORT(.rela.dtors))

.rel.init
 *(SORT(.rel.init))

.rela.init
 *(SORT(.rela.init))

.rel.fini
 *(SORT(.rel.fini))

.rela.fini
 *(SORT(.rela.fini))

.rel.bss
 *(SORT(.rel.bss))

.rela.bss
 *(SORT(.rela.bss))

.rel.plt
 *(SORT(.rel.plt))

.rela.plt       0x000000000000d320        0x0
 *(SORT(.rela.plt))
 .rela.plt      0x000000000000d320        0x0 /home/xiang/rockpi4-android/external/hello_ta/ta/out/hello_ta.o

.data           0x000000000000d320      0x1cc
 *(SORT(.data) SORT(.data.*) SORT(.gnu.linkonce.d.*))
 .data.rel.ro.local
                0x000000000000d320       0xd8 /home/xiang/rockpi4-android/external/hello_ta/ta/out/user_ta_header.o
                0x000000000000d320                ta_props
 .data.rel.local
                0x000000000000d3f8       0x20 /home/xiang/rockpi4-android/optee_os/out/arm-plat-rockchip/export-ta_arm64/lib/libutee.a(user_ta_entry.o)
 .data.rel.ro.local
                0x000000000000d418       0x48 /home/xiang/rockpi4-android/optee_os/out/arm-plat-rockchip/export-ta_arm64/lib/libutee.a(tee_api_property.o)
                0x000000000000d418                tee_props
 .data.rel      0x000000000000d460        0x8 /home/xiang/rockpi4-android/optee_os/out/arm-plat-rockchip/export-ta_arm64/lib/libmbedtls.a(platform_util.o)
 .data.rel.local
                0x000000000000d468       0x80 /home/xiang/rockpi4-android/optee_os/out/arm-plat-rockchip/export-ta_arm64/lib/libutils.a(bget_malloc.o)
 .data          0x000000000000d4e8        0x4 /home/xiang/rockpi4-android/external/hello_ta/ta/out/user_ta_header.o
                0x000000000000d4e8                trace_level
 .data          0x000000000000d4ec        0x0 /home/xiang/rockpi4-android/external/hello_ta/ta/out/hello_ta.o
 .data          0x000000000000d4ec        0x0 /home/xiang/rockpi4-android/optee_os/out/arm-plat-rockchip/export-ta_arm64/lib/libutee.a(utee_syscalls_a64.o)
 .data          0x000000000000d4ec        0x0 /home/xiang/rockpi4-android/optee_os/out/arm-plat-rockchip/export-ta_arm64/lib/libutee.a(user_ta_entry.o)
 .data          0x000000000000d4ec        0x0 /home/xiang/rockpi4-android/optee_os/out/arm-plat-rockchip/export-ta_arm64/lib/libutee.a(abort.o)
 .data          0x000000000000d4ec        0x0 /home/xiang/rockpi4-android/optee_os/out/arm-plat-rockchip/export-ta_arm64/lib/libutee.a(trace_ext.o)
 .data          0x000000000000d4ec        0x0 /home/xiang/rockpi4-android/optee_os/out/arm-plat-rockchip/export-ta_arm64/lib/libutee.a(tee_api.o)
 .data          0x000000000000d4ec        0x0 /home/xiang/rockpi4-android/optee_os/out/arm-plat-rockchip/export-ta_arm64/lib/libutee.a(tee_api_arith_mpi.o)
 .data          0x000000000000d4ec        0x0 /home/xiang/rockpi4-android/optee_os/out/arm-plat-rockchip/export-ta_arm64/lib/libutee.a(tee_api_panic.o)
 .data          0x000000000000d4ec        0x0 /home/xiang/rockpi4-android/optee_os/out/arm-plat-rockchip/export-ta_arm64/lib/libutee.a(tee_api_property.o)
 .data          0x000000000000d4ec        0x0 /home/xiang/rockpi4-android/optee_os/out/arm-plat-rockchip/export-ta_arm64/lib/libutee.a(tee_system_pta.o)
 .data          0x000000000000d4ec        0x0 /home/xiang/rockpi4-android/optee_os/out/arm-plat-rockchip/export-ta_arm64/lib/libutee.a(tcb.o)
 .data          0x000000000000d4ec        0x0 /home/xiang/rockpi4-android/optee_os/out/arm-plat-rockchip/export-ta_arm64/lib/libutee.a(assert.o)
 .data          0x000000000000d4ec        0x0 /home/xiang/rockpi4-android/optee_os/out/arm-plat-rockchip/export-ta_arm64/lib/libutee.a(base64.o)
 .data          0x000000000000d4ec        0x0 /home/xiang/rockpi4-android/optee_os/out/arm-plat-rockchip/export-ta_arm64/lib/libmbedtls.a(bignum.o)
 .data          0x000000000000d4ec        0x0 /home/xiang/rockpi4-android/optee_os/out/arm-plat-rockchip/export-ta_arm64/lib/libmbedtls.a(constant_time.o)
 .data          0x000000000000d4ec        0x0 /home/xiang/rockpi4-android/optee_os/out/arm-plat-rockchip/export-ta_arm64/lib/libmbedtls.a(platform_util.o)
 .data          0x000000000000d4ec        0x0 /home/xiang/rockpi4-android/optee_os/out/arm-plat-rockchip/export-ta_arm64/lib/libutils.a(bget_malloc.o)
 .data          0x000000000000d4ec        0x0 /home/xiang/rockpi4-android/optee_os/out/arm-plat-rockchip/export-ta_arm64/lib/libutils.a(snprintf.o)
 .data          0x000000000000d4ec        0x0 /home/xiang/rockpi4-android/optee_os/out/arm-plat-rockchip/export-ta_arm64/lib/libutils.a(memcpy.o)
 .data          0x000000000000d4ec        0x0 /home/xiang/rockpi4-android/optee_os/out/arm-plat-rockchip/export-ta_arm64/lib/libutils.a(memmove.o)
 .data          0x000000000000d4ec        0x0 /home/xiang/rockpi4-android/optee_os/out/arm-plat-rockchip/export-ta_arm64/lib/libutils.a(memset.o)
 .data          0x000000000000d4ec        0x0 /home/xiang/rockpi4-android/optee_os/out/arm-plat-rockchip/export-ta_arm64/lib/libutils.a(strcmp.o)
 .data          0x000000000000d4ec        0x0 /home/xiang/rockpi4-android/optee_os/out/arm-plat-rockchip/export-ta_arm64/lib/libutils.a(strlen.o)
 .data          0x000000000000d4ec        0x0 /home/xiang/rockpi4-android/optee_os/out/arm-plat-rockchip/export-ta_arm64/lib/libutils.a(snprintk.o)
 .data          0x000000000000d4ec        0x0 /home/xiang/rockpi4-android/optee_os/out/arm-plat-rockchip/export-ta_arm64/lib/libutils.a(strlcpy.o)
 .data          0x000000000000d4ec        0x0 /home/xiang/rockpi4-android/optee_os/out/arm-plat-rockchip/export-ta_arm64/lib/libutils.a(trace.o)
 .data          0x000000000000d4ec        0x0 /home/xiang/rockpi4-android/optee_os/out/arm-plat-rockchip/export-ta_arm64/lib/libutils.a(mempool.o)
 .data          0x000000000000d4ec        0x0 /home/xiang/rockpi4-android/optee_os/out/arm-plat-rockchip/export-ta_arm64/lib/libutils.a(consttime_memcmp.o)
 .data          0x000000000000d4ec        0x0 /home/xiang/rockpi4-android/optee_os/out/arm-plat-rockchip/export-ta_arm64/lib/libutils.a(memchr.o)

.bss            0x000000000000d4f0     0xb090
 *(SORT(.bss) SORT(.bss.*) SORT(.gnu.linkonce.b.*) SORT(COMMON))
 COMMON         0x000000000000d4f0     0x8000 /home/xiang/rockpi4-android/external/hello_ta/ta/out/user_ta_header.o
                0x000000000000d4f0                ta_heap
 .bss           0x00000000000154f0        0x9 /home/xiang/rockpi4-android/optee_os/out/arm-plat-rockchip/export-ta_arm64/lib/libutee.a(user_ta_entry.o)
 *fill*         0x00000000000154f9        0x7 
 COMMON         0x0000000000015500       0x58 /home/xiang/rockpi4-android/optee_os/out/arm-plat-rockchip/export-ta_arm64/lib/libutee.a(user_ta_entry.o)
                0x0000000000015500                ta_param_types
                0x0000000000015508                ta_params
                0x0000000000015548                __elf_phdr_info
 .bss           0x0000000000015558        0x8 /home/xiang/rockpi4-android/optee_os/out/arm-plat-rockchip/export-ta_arm64/lib/libutee.a(tee_api.o)
 .bss           0x0000000000015560     0x3000 /home/xiang/rockpi4-android/optee_os/out/arm-plat-rockchip/export-ta_arm64/lib/libutee.a(tee_api_arith_mpi.o)
 .bss           0x0000000000018560        0x8 /home/xiang/rockpi4-android/optee_os/out/arm-plat-rockchip/export-ta_arm64/lib/libutee.a(tee_system_pta.o)
 .bss           0x0000000000018568       0x10 /home/xiang/rockpi4-android/optee_os/out/arm-plat-rockchip/export-ta_arm64/lib/libutee.a(tcb.o)
 COMMON         0x0000000000018578        0x8 /home/xiang/rockpi4-android/optee_os/out/arm-plat-rockchip/export-ta_arm64/lib/libmbedtls.a(bignum.o)
                0x0000000000018578                mbedtls_mpi_mempool
 .bss           0x0000000000018580        0x0 /home/xiang/rockpi4-android/external/hello_ta/ta/out/hello_ta.o
 .bss           0x0000000000018580        0x0 /home/xiang/rockpi4-android/external/hello_ta/ta/out/user_ta_header.o
 .bss           0x0000000000018580        0x0 /home/xiang/rockpi4-android/optee_os/out/arm-plat-rockchip/export-ta_arm64/lib/libutee.a(utee_syscalls_a64.o)
 .bss           0x0000000000018580        0x0 /home/xiang/rockpi4-android/optee_os/out/arm-plat-rockchip/export-ta_arm64/lib/libutee.a(abort.o)
 .bss           0x0000000000018580        0x0 /home/xiang/rockpi4-android/optee_os/out/arm-plat-rockchip/export-ta_arm64/lib/libutee.a(trace_ext.o)
 .bss           0x0000000000018580        0x0 /home/xiang/rockpi4-android/optee_os/out/arm-plat-rockchip/export-ta_arm64/lib/libutee.a(tee_api_panic.o)
 .bss           0x0000000000018580        0x0 /home/xiang/rockpi4-android/optee_os/out/arm-plat-rockchip/export-ta_arm64/lib/libutee.a(tee_api_property.o)
 .bss           0x0000000000018580        0x0 /home/xiang/rockpi4-android/optee_os/out/arm-plat-rockchip/export-ta_arm64/lib/libutee.a(assert.o)
 .bss           0x0000000000018580        0x0 /home/xiang/rockpi4-android/optee_os/out/arm-plat-rockchip/export-ta_arm64/lib/libutee.a(base64.o)
 .bss           0x0000000000018580        0x0 /home/xiang/rockpi4-android/optee_os/out/arm-plat-rockchip/export-ta_arm64/lib/libmbedtls.a(bignum.o)
 .bss           0x0000000000018580        0x0 /home/xiang/rockpi4-android/optee_os/out/arm-plat-rockchip/export-ta_arm64/lib/libmbedtls.a(constant_time.o)
 .bss           0x0000000000018580        0x0 /home/xiang/rockpi4-android/optee_os/out/arm-plat-rockchip/export-ta_arm64/lib/libmbedtls.a(platform_util.o)
 .bss           0x0000000000018580        0x0 /home/xiang/rockpi4-android/optee_os/out/arm-plat-rockchip/export-ta_arm64/lib/libutils.a(bget_malloc.o)
 .bss           0x0000000000018580        0x0 /home/xiang/rockpi4-android/optee_os/out/arm-plat-rockchip/export-ta_arm64/lib/libutils.a(snprintf.o)
 .bss           0x0000000000018580        0x0 /home/xiang/rockpi4-android/optee_os/out/arm-plat-rockchip/export-ta_arm64/lib/libutils.a(memcpy.o)
 .bss           0x0000000000018580        0x0 /home/xiang/rockpi4-android/optee_os/out/arm-plat-rockchip/export-ta_arm64/lib/libutils.a(memmove.o)
 .bss           0x0000000000018580        0x0 /home/xiang/rockpi4-android/optee_os/out/arm-plat-rockchip/export-ta_arm64/lib/libutils.a(memset.o)
 .bss           0x0000000000018580        0x0 /home/xiang/rockpi4-android/optee_os/out/arm-plat-rockchip/export-ta_arm64/lib/libutils.a(strcmp.o)
 .bss           0x0000000000018580        0x0 /home/xiang/rockpi4-android/optee_os/out/arm-plat-rockchip/export-ta_arm64/lib/libutils.a(strlen.o)
 .bss           0x0000000000018580        0x0 /home/xiang/rockpi4-android/optee_os/out/arm-plat-rockchip/export-ta_arm64/lib/libutils.a(snprintk.o)
 .bss           0x0000000000018580        0x0 /home/xiang/rockpi4-android/optee_os/out/arm-plat-rockchip/export-ta_arm64/lib/libutils.a(strlcpy.o)
 .bss           0x0000000000018580        0x0 /home/xiang/rockpi4-android/optee_os/out/arm-plat-rockchip/export-ta_arm64/lib/libutils.a(trace.o)
 .bss           0x0000000000018580        0x0 /home/xiang/rockpi4-android/optee_os/out/arm-plat-rockchip/export-ta_arm64/lib/libutils.a(mempool.o)
 .bss           0x0000000000018580        0x0 /home/xiang/rockpi4-android/optee_os/out/arm-plat-rockchip/export-ta_arm64/lib/libutils.a(consttime_memcmp.o)
 .bss           0x0000000000018580        0x0 /home/xiang/rockpi4-android/optee_os/out/arm-plat-rockchip/export-ta_arm64/lib/libutils.a(memchr.o)
                0x0000000000018580                . = ALIGN (0x8)
                0x0000000000018580                __ftrace_buf_start = .
                0x0000000000018580                . = (. + DEFINED (_mcount)?0x800:0x0)
                0x0000000000018580                __ftrace_buf_end = .

.dynbss         0x0000000000018580        0x0
 .dynbss        0x0000000000018580        0x0 /home/xiang/rockpi4-android/external/hello_ta/ta/out/hello_ta.o

/DISCARD/
 *(SORT(.interp))
LOAD /home/xiang/rockpi4-android/external/hello_ta/ta/out/hello_ta.o
LOAD /home/xiang/rockpi4-android/external/hello_ta/ta/out/user_ta_header.o
START GROUP
LOAD /home/xiang/rockpi4-android/optee_os/out/arm-plat-rockchip/export-ta_arm64/lib/libutils.a
LOAD /home/xiang/rockpi4-android/optee_os/out/arm-plat-rockchip/export-ta_arm64/lib/libutee.a
LOAD /home/xiang/rockpi4-android/optee_os/out/arm-plat-rockchip/export-ta_arm64/lib/libmbedtls.a
LOAD /home/xiang/rockpi4-android/optee_os/out/arm-plat-rockchip/export-ta_arm64/lib/libdl.a
END GROUP
LOAD /home/xiang/rockpi4-android/prebuilts/gcc/linux-x86/aarch64/gcc-linaro-6.3.1-2017.05-x86_64_aarch64-linux-gnu/bin/../lib/gcc/aarch64-linux-gnu/6.3.1/libgcc.a
LOAD /home/xiang/rockpi4-android/optee_os/out/arm-plat-rockchip/export-ta_arm64/lib/libutils.a
OUTPUT(/home/xiang/rockpi4-android/external/hello_ta/ta/out/8aaaf200-2450-11e4-abe2-0002a5d5c51b.elf elf64-littleaarch64)

.debug_info     0x0000000000000000    0x14b77
 .debug_info    0x0000000000000000      0x274 /home/xiang/rockpi4-android/external/hello_ta/ta/out/hello_ta.o
 .debug_info    0x0000000000000274      0x4e5 /home/xiang/rockpi4-android/external/hello_ta/ta/out/user_ta_header.o
 .debug_info    0x0000000000000759       0x72 /home/xiang/rockpi4-android/optee_os/out/arm-plat-rockchip/export-ta_arm64/lib/libutee.a(utee_syscalls_a64.o)
 .debug_info    0x00000000000007cb     0x1513 /home/xiang/rockpi4-android/optee_os/out/arm-plat-rockchip/export-ta_arm64/lib/libutee.a(user_ta_entry.o)
 .debug_info    0x0000000000001cde      0x140 /home/xiang/rockpi4-android/optee_os/out/arm-plat-rockchip/export-ta_arm64/lib/libutee.a(abort.o)
 .debug_info    0x0000000000001e1e      0x36d /home/xiang/rockpi4-android/optee_os/out/arm-plat-rockchip/export-ta_arm64/lib/libutee.a(trace_ext.o)
 .debug_info    0x000000000000218b     0x14af /home/xiang/rockpi4-android/optee_os/out/arm-plat-rockchip/export-ta_arm64/lib/libutee.a(tee_api.o)
 .debug_info    0x000000000000363a     0x411d /home/xiang/rockpi4-android/optee_os/out/arm-plat-rockchip/export-ta_arm64/lib/libutee.a(tee_api_arith_mpi.o)
 .debug_info    0x0000000000007757      0x6ae /home/xiang/rockpi4-android/optee_os/out/arm-plat-rockchip/export-ta_arm64/lib/libutee.a(tee_api_panic.o)
 .debug_info    0x0000000000007e05     0x1361 /home/xiang/rockpi4-android/optee_os/out/arm-plat-rockchip/export-ta_arm64/lib/libutee.a(tee_api_property.o)
 .debug_info    0x0000000000009166      0x6b7 /home/xiang/rockpi4-android/optee_os/out/arm-plat-rockchip/export-ta_arm64/lib/libutee.a(tee_system_pta.o)
 .debug_info    0x000000000000981d      0x85f /home/xiang/rockpi4-android/optee_os/out/arm-plat-rockchip/export-ta_arm64/lib/libutee.a(tcb.o)
 .debug_info    0x000000000000a07c      0x1d2 /home/xiang/rockpi4-android/optee_os/out/arm-plat-rockchip/export-ta_arm64/lib/libutee.a(assert.o)
 .debug_info    0x000000000000a24e      0x2ef /home/xiang/rockpi4-android/optee_os/out/arm-plat-rockchip/export-ta_arm64/lib/libutee.a(base64.o)
 .debug_info    0x000000000000a53d     0x5651 /home/xiang/rockpi4-android/optee_os/out/arm-plat-rockchip/export-ta_arm64/lib/libmbedtls.a(bignum.o)
 .debug_info    0x000000000000fb8e      0xe11 /home/xiang/rockpi4-android/optee_os/out/arm-plat-rockchip/export-ta_arm64/lib/libmbedtls.a(constant_time.o)
 .debug_info    0x000000000001099f      0x144 /home/xiang/rockpi4-android/optee_os/out/arm-plat-rockchip/export-ta_arm64/lib/libmbedtls.a(platform_util.o)
 .debug_info    0x0000000000010ae3     0x23fb /home/xiang/rockpi4-android/optee_os/out/arm-plat-rockchip/export-ta_arm64/lib/libutils.a(bget_malloc.o)
 .debug_info    0x0000000000012ede      0x23f /home/xiang/rockpi4-android/optee_os/out/arm-plat-rockchip/export-ta_arm64/lib/libutils.a(snprintf.o)
 .debug_info    0x000000000001311d      0x10d /home/xiang/rockpi4-android/optee_os/out/arm-plat-rockchip/export-ta_arm64/lib/libutils.a(memcpy.o)
 .debug_info    0x000000000001322a       0xdc /home/xiang/rockpi4-android/optee_os/out/arm-plat-rockchip/export-ta_arm64/lib/libutils.a(memmove.o)
 .debug_info    0x0000000000013306       0xba /home/xiang/rockpi4-android/optee_os/out/arm-plat-rockchip/export-ta_arm64/lib/libutils.a(memset.o)
 .debug_info    0x00000000000133c0       0x9e /home/xiang/rockpi4-android/optee_os/out/arm-plat-rockchip/export-ta_arm64/lib/libutils.a(strcmp.o)
 .debug_info    0x000000000001345e       0xa4 /home/xiang/rockpi4-android/optee_os/out/arm-plat-rockchip/export-ta_arm64/lib/libutils.a(strlen.o)
 .debug_info    0x0000000000013502      0x82b /home/xiang/rockpi4-android/optee_os/out/arm-plat-rockchip/export-ta_arm64/lib/libutils.a(snprintk.o)
 .debug_info    0x0000000000013d2d      0x101 /home/xiang/rockpi4-android/optee_os/out/arm-plat-rockchip/export-ta_arm64/lib/libutils.a(strlcpy.o)
 .debug_info    0x0000000000013e2e      0x612 /home/xiang/rockpi4-android/optee_os/out/arm-plat-rockchip/export-ta_arm64/lib/libutils.a(trace.o)
 .debug_info    0x0000000000014440      0x551 /home/xiang/rockpi4-android/optee_os/out/arm-plat-rockchip/export-ta_arm64/lib/libutils.a(mempool.o)
 .debug_info    0x0000000000014991      0x10b /home/xiang/rockpi4-android/optee_os/out/arm-plat-rockchip/export-ta_arm64/lib/libutils.a(consttime_memcmp.o)
 .debug_info    0x0000000000014a9c       0xdb /home/xiang/rockpi4-android/optee_os/out/arm-plat-rockchip/export-ta_arm64/lib/libutils.a(memchr.o)

.debug_abbrev   0x0000000000000000     0x3713
 .debug_abbrev  0x0000000000000000      0x153 /home/xiang/rockpi4-android/external/hello_ta/ta/out/hello_ta.o
 .debug_abbrev  0x0000000000000153      0x1b5 /home/xiang/rockpi4-android/external/hello_ta/ta/out/user_ta_header.o
 .debug_abbrev  0x0000000000000308       0x12 /home/xiang/rockpi4-android/optee_os/out/arm-plat-rockchip/export-ta_arm64/lib/libutee.a(utee_syscalls_a64.o)
 .debug_abbrev  0x000000000000031a      0x47b /home/xiang/rockpi4-android/optee_os/out/arm-plat-rockchip/export-ta_arm64/lib/libutee.a(user_ta_entry.o)
 .debug_abbrev  0x0000000000000795       0xd7 /home/xiang/rockpi4-android/optee_os/out/arm-plat-rockchip/export-ta_arm64/lib/libutee.a(abort.o)
 .debug_abbrev  0x000000000000086c      0x17d /home/xiang/rockpi4-android/optee_os/out/arm-plat-rockchip/export-ta_arm64/lib/libutee.a(trace_ext.o)
 .debug_abbrev  0x00000000000009e9      0x3af /home/xiang/rockpi4-android/optee_os/out/arm-plat-rockchip/export-ta_arm64/lib/libutee.a(tee_api.o)
 .debug_abbrev  0x0000000000000d98      0x422 /home/xiang/rockpi4-android/optee_os/out/arm-plat-rockchip/export-ta_arm64/lib/libutee.a(tee_api_arith_mpi.o)
 .debug_abbrev  0x00000000000011ba      0x1c7 /home/xiang/rockpi4-android/optee_os/out/arm-plat-rockchip/export-ta_arm64/lib/libutee.a(tee_api_panic.o)
 .debug_abbrev  0x0000000000001381      0x2cd /home/xiang/rockpi4-android/optee_os/out/arm-plat-rockchip/export-ta_arm64/lib/libutee.a(tee_api_property.o)
 .debug_abbrev  0x000000000000164e      0x231 /home/xiang/rockpi4-android/optee_os/out/arm-plat-rockchip/export-ta_arm64/lib/libutee.a(tee_system_pta.o)
 .debug_abbrev  0x000000000000187f      0x25c /home/xiang/rockpi4-android/optee_os/out/arm-plat-rockchip/export-ta_arm64/lib/libutee.a(tcb.o)
 .debug_abbrev  0x0000000000001adb       0xe0 /home/xiang/rockpi4-android/optee_os/out/arm-plat-rockchip/export-ta_arm64/lib/libutee.a(assert.o)
 .debug_abbrev  0x0000000000001bbb      0x189 /home/xiang/rockpi4-android/optee_os/out/arm-plat-rockchip/export-ta_arm64/lib/libutee.a(base64.o)
 .debug_abbrev  0x0000000000001d44      0x4cf /home/xiang/rockpi4-android/optee_os/out/arm-plat-rockchip/export-ta_arm64/lib/libmbedtls.a(bignum.o)
 .debug_abbrev  0x0000000000002213      0x366 /home/xiang/rockpi4-android/optee_os/out/arm-plat-rockchip/export-ta_arm64/lib/libmbedtls.a(constant_time.o)
 .debug_abbrev  0x0000000000002579       0xd2 /home/xiang/rockpi4-android/optee_os/out/arm-plat-rockchip/export-ta_arm64/lib/libmbedtls.a(platform_util.o)
 .debug_abbrev  0x000000000000264b      0x426 /home/xiang/rockpi4-android/optee_os/out/arm-plat-rockchip/export-ta_arm64/lib/libutils.a(bget_malloc.o)
 .debug_abbrev  0x0000000000002a71      0x135 /home/xiang/rockpi4-android/optee_os/out/arm-plat-rockchip/export-ta_arm64/lib/libutils.a(snprintf.o)
 .debug_abbrev  0x0000000000002ba6       0xa3 /home/xiang/rockpi4-android/optee_os/out/arm-plat-rockchip/export-ta_arm64/lib/libutils.a(memcpy.o)
 .debug_abbrev  0x0000000000002c49       0x94 /home/xiang/rockpi4-android/optee_os/out/arm-plat-rockchip/export-ta_arm64/lib/libutils.a(memmove.o)
 .debug_abbrev  0x0000000000002cdd       0x93 /home/xiang/rockpi4-android/optee_os/out/arm-plat-rockchip/export-ta_arm64/lib/libutils.a(memset.o)
 .debug_abbrev  0x0000000000002d70       0x68 /home/xiang/rockpi4-android/optee_os/out/arm-plat-rockchip/export-ta_arm64/lib/libutils.a(strcmp.o)
 .debug_abbrev  0x0000000000002dd8       0x79 /home/xiang/rockpi4-android/optee_os/out/arm-plat-rockchip/export-ta_arm64/lib/libutils.a(strlen.o)
 .debug_abbrev  0x0000000000002e51      0x26c /home/xiang/rockpi4-android/optee_os/out/arm-plat-rockchip/export-ta_arm64/lib/libutils.a(snprintk.o)
 .debug_abbrev  0x00000000000030bd       0x93 /home/xiang/rockpi4-android/optee_os/out/arm-plat-rockchip/export-ta_arm64/lib/libutils.a(strlcpy.o)
 .debug_abbrev  0x0000000000003150      0x239 /home/xiang/rockpi4-android/optee_os/out/arm-plat-rockchip/export-ta_arm64/lib/libutils.a(trace.o)
 .debug_abbrev  0x0000000000003389      0x22e /home/xiang/rockpi4-android/optee_os/out/arm-plat-rockchip/export-ta_arm64/lib/libutils.a(mempool.o)
 .debug_abbrev  0x00000000000035b7       0xae /home/xiang/rockpi4-android/optee_os/out/arm-plat-rockchip/export-ta_arm64/lib/libutils.a(consttime_memcmp.o)
 .debug_abbrev  0x0000000000003665       0xae /home/xiang/rockpi4-android/optee_os/out/arm-plat-rockchip/export-ta_arm64/lib/libutils.a(memchr.o)

.debug_loc      0x0000000000000000    0x1d975
 .debug_loc     0x0000000000000000       0xfd /home/xiang/rockpi4-android/external/hello_ta/ta/out/hello_ta.o
 .debug_loc     0x00000000000000fd      0x107 /home/xiang/rockpi4-android/external/hello_ta/ta/out/user_ta_header.o
 .debug_loc     0x0000000000000204      0xfc7 /home/xiang/rockpi4-android/optee_os/out/arm-plat-rockchip/export-ta_arm64/lib/libutee.a(user_ta_entry.o)
 .debug_loc     0x00000000000011cb      0x1a2 /home/xiang/rockpi4-android/optee_os/out/arm-plat-rockchip/export-ta_arm64/lib/libutee.a(trace_ext.o)
 .debug_loc     0x000000000000136d     0x16b7 /home/xiang/rockpi4-android/optee_os/out/arm-plat-rockchip/export-ta_arm64/lib/libutee.a(tee_api.o)
 .debug_loc     0x0000000000002a24     0x3fcd /home/xiang/rockpi4-android/optee_os/out/arm-plat-rockchip/export-ta_arm64/lib/libutee.a(tee_api_arith_mpi.o)
 .debug_loc     0x00000000000069f1      0x7c5 /home/xiang/rockpi4-android/optee_os/out/arm-plat-rockchip/export-ta_arm64/lib/libutee.a(tee_api_panic.o)
 .debug_loc     0x00000000000071b6     0x16c9 /home/xiang/rockpi4-android/optee_os/out/arm-plat-rockchip/export-ta_arm64/lib/libutee.a(tee_api_property.o)
 .debug_loc     0x000000000000887f      0x6bc /home/xiang/rockpi4-android/optee_os/out/arm-plat-rockchip/export-ta_arm64/lib/libutee.a(tee_system_pta.o)
 .debug_loc     0x0000000000008f3b      0x589 /home/xiang/rockpi4-android/optee_os/out/arm-plat-rockchip/export-ta_arm64/lib/libutee.a(tcb.o)
 .debug_loc     0x00000000000094c4      0x11d /home/xiang/rockpi4-android/optee_os/out/arm-plat-rockchip/export-ta_arm64/lib/libutee.a(assert.o)
 .debug_loc     0x00000000000095e1      0x6fc /home/xiang/rockpi4-android/optee_os/out/arm-plat-rockchip/export-ta_arm64/lib/libutee.a(base64.o)
 .debug_loc     0x0000000000009cdd     0xa349 /home/xiang/rockpi4-android/optee_os/out/arm-plat-rockchip/export-ta_arm64/lib/libmbedtls.a(bignum.o)
 .debug_loc     0x0000000000014026     0x1b4e /home/xiang/rockpi4-android/optee_os/out/arm-plat-rockchip/export-ta_arm64/lib/libmbedtls.a(constant_time.o)
 .debug_loc     0x0000000000015b74       0xab /home/xiang/rockpi4-android/optee_os/out/arm-plat-rockchip/export-ta_arm64/lib/libmbedtls.a(platform_util.o)
 .debug_loc     0x0000000000015c1f     0x3ccd /home/xiang/rockpi4-android/optee_os/out/arm-plat-rockchip/export-ta_arm64/lib/libutils.a(bget_malloc.o)
 .debug_loc     0x00000000000198ec      0x18f /home/xiang/rockpi4-android/optee_os/out/arm-plat-rockchip/export-ta_arm64/lib/libutils.a(snprintf.o)
 .debug_loc     0x0000000000019a7b      0x4df /home/xiang/rockpi4-android/optee_os/out/arm-plat-rockchip/export-ta_arm64/lib/libutils.a(memcpy.o)
 .debug_loc     0x0000000000019f5a      0x173 /home/xiang/rockpi4-android/optee_os/out/arm-plat-rockchip/export-ta_arm64/lib/libutils.a(memmove.o)
 .debug_loc     0x000000000001a0cd       0xc1 /home/xiang/rockpi4-android/optee_os/out/arm-plat-rockchip/export-ta_arm64/lib/libutils.a(memset.o)
 .debug_loc     0x000000000001a18e       0x8b /home/xiang/rockpi4-android/optee_os/out/arm-plat-rockchip/export-ta_arm64/lib/libutils.a(strcmp.o)
 .debug_loc     0x000000000001a219       0x82 /home/xiang/rockpi4-android/optee_os/out/arm-plat-rockchip/export-ta_arm64/lib/libutils.a(strlen.o)
 .debug_loc     0x000000000001a29b     0x2687 /home/xiang/rockpi4-android/optee_os/out/arm-plat-rockchip/export-ta_arm64/lib/libutils.a(snprintk.o)
 .debug_loc     0x000000000001c922      0x1a2 /home/xiang/rockpi4-android/optee_os/out/arm-plat-rockchip/export-ta_arm64/lib/libutils.a(strlcpy.o)
 .debug_loc     0x000000000001cac4      0x67e /home/xiang/rockpi4-android/optee_os/out/arm-plat-rockchip/export-ta_arm64/lib/libutils.a(trace.o)
 .debug_loc     0x000000000001d142      0x512 /home/xiang/rockpi4-android/optee_os/out/arm-plat-rockchip/export-ta_arm64/lib/libutils.a(mempool.o)
 .debug_loc     0x000000000001d654      0x1fd /home/xiang/rockpi4-android/optee_os/out/arm-plat-rockchip/export-ta_arm64/lib/libutils.a(consttime_memcmp.o)
 .debug_loc     0x000000000001d851      0x124 /home/xiang/rockpi4-android/optee_os/out/arm-plat-rockchip/export-ta_arm64/lib/libutils.a(memchr.o)

.debug_aranges  0x0000000000000000      0x940
 .debug_aranges
                0x0000000000000000       0x30 /home/xiang/rockpi4-android/external/hello_ta/ta/out/hello_ta.o
 .debug_aranges
                0x0000000000000030       0x30 /home/xiang/rockpi4-android/external/hello_ta/ta/out/user_ta_header.o
 .debug_aranges
                0x0000000000000060      0x3b0 /home/xiang/rockpi4-android/optee_os/out/arm-plat-rockchip/export-ta_arm64/lib/libutee.a(utee_syscalls_a64.o)
 .debug_aranges
                0x0000000000000410       0x30 /home/xiang/rockpi4-android/optee_os/out/arm-plat-rockchip/export-ta_arm64/lib/libutee.a(user_ta_entry.o)
 .debug_aranges
                0x0000000000000440       0x30 /home/xiang/rockpi4-android/optee_os/out/arm-plat-rockchip/export-ta_arm64/lib/libutee.a(abort.o)
 .debug_aranges
                0x0000000000000470       0x30 /home/xiang/rockpi4-android/optee_os/out/arm-plat-rockchip/export-ta_arm64/lib/libutee.a(trace_ext.o)
 .debug_aranges
                0x00000000000004a0       0x30 /home/xiang/rockpi4-android/optee_os/out/arm-plat-rockchip/export-ta_arm64/lib/libutee.a(tee_api.o)
 .debug_aranges
                0x00000000000004d0       0x40 /home/xiang/rockpi4-android/optee_os/out/arm-plat-rockchip/export-ta_arm64/lib/libutee.a(tee_api_arith_mpi.o)
 .debug_aranges
                0x0000000000000510       0x30 /home/xiang/rockpi4-android/optee_os/out/arm-plat-rockchip/export-ta_arm64/lib/libutee.a(tee_api_panic.o)
 .debug_aranges
                0x0000000000000540       0x30 /home/xiang/rockpi4-android/optee_os/out/arm-plat-rockchip/export-ta_arm64/lib/libutee.a(tee_api_property.o)
 .debug_aranges
                0x0000000000000570       0x30 /home/xiang/rockpi4-android/optee_os/out/arm-plat-rockchip/export-ta_arm64/lib/libutee.a(tee_system_pta.o)
 .debug_aranges
                0x00000000000005a0       0x30 /home/xiang/rockpi4-android/optee_os/out/arm-plat-rockchip/export-ta_arm64/lib/libutee.a(tcb.o)
 .debug_aranges
                0x00000000000005d0       0x30 /home/xiang/rockpi4-android/optee_os/out/arm-plat-rockchip/export-ta_arm64/lib/libutee.a(assert.o)
 .debug_aranges
                0x0000000000000600       0x30 /home/xiang/rockpi4-android/optee_os/out/arm-plat-rockchip/export-ta_arm64/lib/libutee.a(base64.o)
 .debug_aranges
                0x0000000000000630       0x30 /home/xiang/rockpi4-android/optee_os/out/arm-plat-rockchip/export-ta_arm64/lib/libmbedtls.a(bignum.o)
 .debug_aranges
                0x0000000000000660       0x30 /home/xiang/rockpi4-android/optee_os/out/arm-plat-rockchip/export-ta_arm64/lib/libmbedtls.a(constant_time.o)
 .debug_aranges
                0x0000000000000690       0x30 /home/xiang/rockpi4-android/optee_os/out/arm-plat-rockchip/export-ta_arm64/lib/libmbedtls.a(platform_util.o)
 .debug_aranges
                0x00000000000006c0       0x40 /home/xiang/rockpi4-android/optee_os/out/arm-plat-rockchip/export-ta_arm64/lib/libutils.a(bget_malloc.o)
 .debug_aranges
                0x0000000000000700       0x30 /home/xiang/rockpi4-android/optee_os/out/arm-plat-rockchip/export-ta_arm64/lib/libutils.a(snprintf.o)
 .debug_aranges
                0x0000000000000730       0x30 /home/xiang/rockpi4-android/optee_os/out/arm-plat-rockchip/export-ta_arm64/lib/libutils.a(memcpy.o)
 .debug_aranges
                0x0000000000000760       0x30 /home/xiang/rockpi4-android/optee_os/out/arm-plat-rockchip/export-ta_arm64/lib/libutils.a(memmove.o)
 .debug_aranges
                0x0000000000000790       0x30 /home/xiang/rockpi4-android/optee_os/out/arm-plat-rockchip/export-ta_arm64/lib/libutils.a(memset.o)
 .debug_aranges
                0x00000000000007c0       0x30 /home/xiang/rockpi4-android/optee_os/out/arm-plat-rockchip/export-ta_arm64/lib/libutils.a(strcmp.o)
 .debug_aranges
                0x00000000000007f0       0x30 /home/xiang/rockpi4-android/optee_os/out/arm-plat-rockchip/export-ta_arm64/lib/libutils.a(strlen.o)
 .debug_aranges
                0x0000000000000820       0x30 /home/xiang/rockpi4-android/optee_os/out/arm-plat-rockchip/export-ta_arm64/lib/libutils.a(snprintk.o)
 .debug_aranges
                0x0000000000000850       0x30 /home/xiang/rockpi4-android/optee_os/out/arm-plat-rockchip/export-ta_arm64/lib/libutils.a(strlcpy.o)
 .debug_aranges
                0x0000000000000880       0x30 /home/xiang/rockpi4-android/optee_os/out/arm-plat-rockchip/export-ta_arm64/lib/libutils.a(trace.o)
 .debug_aranges
                0x00000000000008b0       0x30 /home/xiang/rockpi4-android/optee_os/out/arm-plat-rockchip/export-ta_arm64/lib/libutils.a(mempool.o)
 .debug_aranges
                0x00000000000008e0       0x30 /home/xiang/rockpi4-android/optee_os/out/arm-plat-rockchip/export-ta_arm64/lib/libutils.a(consttime_memcmp.o)
 .debug_aranges
                0x0000000000000910       0x30 /home/xiang/rockpi4-android/optee_os/out/arm-plat-rockchip/export-ta_arm64/lib/libutils.a(memchr.o)

.debug_macro    0x0000000000000000    0x112f1
 .debug_macro   0x0000000000000000       0xdb /home/xiang/rockpi4-android/external/hello_ta/ta/out/hello_ta.o
 .debug_macro   0x00000000000000db      0x68e /home/xiang/rockpi4-android/external/hello_ta/ta/out/hello_ta.o
 .debug_macro   0x0000000000000769      0x16d /home/xiang/rockpi4-android/external/hello_ta/ta/out/hello_ta.o
 .debug_macro   0x00000000000008d6       0xff /home/xiang/rockpi4-android/external/hello_ta/ta/out/hello_ta.o
 .debug_macro   0x00000000000009d5      0xa2a /home/xiang/rockpi4-android/external/hello_ta/ta/out/hello_ta.o
 .debug_macro   0x00000000000013ff       0x7c /home/xiang/rockpi4-android/external/hello_ta/ta/out/hello_ta.o
 .debug_macro   0x000000000000147b      0x1a7 /home/xiang/rockpi4-android/external/hello_ta/ta/out/hello_ta.o
 .debug_macro   0x0000000000001622       0xc4 /home/xiang/rockpi4-android/external/hello_ta/ta/out/hello_ta.o
 .debug_macro   0x00000000000016e6       0x22 /home/xiang/rockpi4-android/external/hello_ta/ta/out/hello_ta.o
 .debug_macro   0x0000000000001708       0x35 /home/xiang/rockpi4-android/external/hello_ta/ta/out/hello_ta.o
 .debug_macro   0x000000000000173d       0x58 /home/xiang/rockpi4-android/external/hello_ta/ta/out/hello_ta.o
 .debug_macro   0x0000000000001795       0x34 /home/xiang/rockpi4-android/external/hello_ta/ta/out/hello_ta.o
 .debug_macro   0x00000000000017c9       0x79 /home/xiang/rockpi4-android/external/hello_ta/ta/out/hello_ta.o
 .debug_macro   0x0000000000001842       0x10 /home/xiang/rockpi4-android/external/hello_ta/ta/out/hello_ta.o
 .debug_macro   0x0000000000001852       0xe2 /home/xiang/rockpi4-android/external/hello_ta/ta/out/hello_ta.o
 .debug_macro   0x0000000000001934       0x1c /home/xiang/rockpi4-android/external/hello_ta/ta/out/hello_ta.o
 .debug_macro   0x0000000000001950      0x163 /home/xiang/rockpi4-android/external/hello_ta/ta/out/user_ta_header.o
 .debug_macro   0x0000000000001ab3      0x68e /home/xiang/rockpi4-android/external/hello_ta/ta/out/user_ta_header.o
 .debug_macro   0x0000000000002141       0x2e /home/xiang/rockpi4-android/external/hello_ta/ta/out/user_ta_header.o
 .debug_macro   0x000000000000216f       0x33 /home/xiang/rockpi4-android/external/hello_ta/ta/out/user_ta_header.o
 .debug_macro   0x00000000000021a2       0xf0 /home/xiang/rockpi4-android/external/hello_ta/ta/out/user_ta_header.o
 .debug_macro   0x0000000000002292       0x76 /home/xiang/rockpi4-android/external/hello_ta/ta/out/user_ta_header.o
 .debug_macro   0x0000000000002308       0x22 /home/xiang/rockpi4-android/external/hello_ta/ta/out/user_ta_header.o
 .debug_macro   0x000000000000232a      0x1ee /home/xiang/rockpi4-android/optee_os/out/arm-plat-rockchip/export-ta_arm64/lib/libutee.a(user_ta_entry.o)
 .debug_macro   0x0000000000002518      0x65e /home/xiang/rockpi4-android/optee_os/out/arm-plat-rockchip/export-ta_arm64/lib/libutee.a(user_ta_entry.o)
 .debug_macro   0x0000000000002b76      0x56f /home/xiang/rockpi4-android/optee_os/out/arm-plat-rockchip/export-ta_arm64/lib/libutee.a(user_ta_entry.o)
 .debug_macro   0x00000000000030e5       0xff /home/xiang/rockpi4-android/optee_os/out/arm-plat-rockchip/export-ta_arm64/lib/libutee.a(user_ta_entry.o)
 .debug_macro   0x00000000000031e4     0x15e6 /home/xiang/rockpi4-android/optee_os/out/arm-plat-rockchip/export-ta_arm64/lib/libutee.a(user_ta_entry.o)
 .debug_macro   0x00000000000047ca       0x5f /home/xiang/rockpi4-android/optee_os/out/arm-plat-rockchip/export-ta_arm64/lib/libutee.a(user_ta_entry.o)
 .debug_macro   0x0000000000004829       0x39 /home/xiang/rockpi4-android/optee_os/out/arm-plat-rockchip/export-ta_arm64/lib/libutee.a(user_ta_entry.o)
 .debug_macro   0x0000000000004862       0x3a /home/xiang/rockpi4-android/optee_os/out/arm-plat-rockchip/export-ta_arm64/lib/libutee.a(user_ta_entry.o)
 .debug_macro   0x000000000000489c       0x16 /home/xiang/rockpi4-android/optee_os/out/arm-plat-rockchip/export-ta_arm64/lib/libutee.a(user_ta_entry.o)
 .debug_macro   0x00000000000048b2       0x1c /home/xiang/rockpi4-android/optee_os/out/arm-plat-rockchip/export-ta_arm64/lib/libutee.a(user_ta_entry.o)
 .debug_macro   0x00000000000048ce      0x2e9 /home/xiang/rockpi4-android/optee_os/out/arm-plat-rockchip/export-ta_arm64/lib/libutee.a(user_ta_entry.o)
 .debug_macro   0x0000000000004bb7       0x34 /home/xiang/rockpi4-android/optee_os/out/arm-plat-rockchip/export-ta_arm64/lib/libutee.a(user_ta_entry.o)
 .debug_macro   0x0000000000004beb       0x7c /home/xiang/rockpi4-android/optee_os/out/arm-plat-rockchip/export-ta_arm64/lib/libutee.a(user_ta_entry.o)
 .debug_macro   0x0000000000004c67      0x11d /home/xiang/rockpi4-android/optee_os/out/arm-plat-rockchip/export-ta_arm64/lib/libutee.a(abort.o)
 .debug_macro   0x0000000000004d84      0x65e /home/xiang/rockpi4-android/optee_os/out/arm-plat-rockchip/export-ta_arm64/lib/libutee.a(abort.o)
 .debug_macro   0x00000000000053e2       0xf1 /home/xiang/rockpi4-android/optee_os/out/arm-plat-rockchip/export-ta_arm64/lib/libutee.a(trace_ext.o)
 .debug_macro   0x00000000000054d3      0x65e /home/xiang/rockpi4-android/optee_os/out/arm-plat-rockchip/export-ta_arm64/lib/libutee.a(trace_ext.o)
 .debug_macro   0x0000000000005b31       0xea /home/xiang/rockpi4-android/optee_os/out/arm-plat-rockchip/export-ta_arm64/lib/libutee.a(trace_ext.o)
 .debug_macro   0x0000000000005c1b      0x183 /home/xiang/rockpi4-android/optee_os/out/arm-plat-rockchip/export-ta_arm64/lib/libutee.a(tee_api.o)
 .debug_macro   0x0000000000005d9e      0x65e /home/xiang/rockpi4-android/optee_os/out/arm-plat-rockchip/export-ta_arm64/lib/libutee.a(tee_api.o)
 .debug_macro   0x00000000000063fc      0x1af /home/xiang/rockpi4-android/optee_os/out/arm-plat-rockchip/export-ta_arm64/lib/libutee.a(tee_api_arith_mpi.o)
 .debug_macro   0x00000000000065ab      0x65e /home/xiang/rockpi4-android/optee_os/out/arm-plat-rockchip/export-ta_arm64/lib/libutee.a(tee_api_arith_mpi.o)
 .debug_macro   0x0000000000006c09      0x124 /home/xiang/rockpi4-android/optee_os/out/arm-plat-rockchip/export-ta_arm64/lib/libutee.a(tee_api_arith_mpi.o)
 .debug_macro   0x0000000000006d2d       0x12 /home/xiang/rockpi4-android/optee_os/out/arm-plat-rockchip/export-ta_arm64/lib/libutee.a(tee_api_arith_mpi.o)
 .debug_macro   0x0000000000006d3f       0x79 /home/xiang/rockpi4-android/optee_os/out/arm-plat-rockchip/export-ta_arm64/lib/libutee.a(tee_api_arith_mpi.o)
 .debug_macro   0x0000000000006db8      0x1f6 /home/xiang/rockpi4-android/optee_os/out/arm-plat-rockchip/export-ta_arm64/lib/libutee.a(tee_api_arith_mpi.o)
 .debug_macro   0x0000000000006fae      0x108 /home/xiang/rockpi4-android/optee_os/out/arm-plat-rockchip/export-ta_arm64/lib/libutee.a(tee_api_panic.o)
 .debug_macro   0x00000000000070b6      0x65e /home/xiang/rockpi4-android/optee_os/out/arm-plat-rockchip/export-ta_arm64/lib/libutee.a(tee_api_panic.o)
 .debug_macro   0x0000000000007714       0x28 /home/xiang/rockpi4-android/optee_os/out/arm-plat-rockchip/export-ta_arm64/lib/libutee.a(tee_api_panic.o)
 .debug_macro   0x000000000000773c      0x1d7 /home/xiang/rockpi4-android/optee_os/out/arm-plat-rockchip/export-ta_arm64/lib/libutee.a(tee_api_property.o)
 .debug_macro   0x0000000000007913      0x65e /home/xiang/rockpi4-android/optee_os/out/arm-plat-rockchip/export-ta_arm64/lib/libutee.a(tee_api_property.o)
 .debug_macro   0x0000000000007f71       0x3a /home/xiang/rockpi4-android/optee_os/out/arm-plat-rockchip/export-ta_arm64/lib/libutee.a(tee_api_property.o)
 .debug_macro   0x0000000000007fab      0x13b /home/xiang/rockpi4-android/optee_os/out/arm-plat-rockchip/export-ta_arm64/lib/libutee.a(tee_system_pta.o)
 .debug_macro   0x00000000000080e6      0x65e /home/xiang/rockpi4-android/optee_os/out/arm-plat-rockchip/export-ta_arm64/lib/libutee.a(tee_system_pta.o)
 .debug_macro   0x0000000000008744       0x89 /home/xiang/rockpi4-android/optee_os/out/arm-plat-rockchip/export-ta_arm64/lib/libutee.a(tee_system_pta.o)
 .debug_macro   0x00000000000087cd      0x189 /home/xiang/rockpi4-android/optee_os/out/arm-plat-rockchip/export-ta_arm64/lib/libutee.a(tcb.o)
 .debug_macro   0x0000000000008956      0x65e /home/xiang/rockpi4-android/optee_os/out/arm-plat-rockchip/export-ta_arm64/lib/libutee.a(tcb.o)
 .debug_macro   0x0000000000008fb4       0x10 /home/xiang/rockpi4-android/optee_os/out/arm-plat-rockchip/export-ta_arm64/lib/libutee.a(tcb.o)
 .debug_macro   0x0000000000008fc4      0x106 /home/xiang/rockpi4-android/optee_os/out/arm-plat-rockchip/export-ta_arm64/lib/libutee.a(assert.o)
 .debug_macro   0x00000000000090ca      0x65e /home/xiang/rockpi4-android/optee_os/out/arm-plat-rockchip/export-ta_arm64/lib/libutee.a(assert.o)
 .debug_macro   0x0000000000009728       0x48 /home/xiang/rockpi4-android/optee_os/out/arm-plat-rockchip/export-ta_arm64/lib/libutee.a(base64.o)
 .debug_macro   0x0000000000009770      0x65e /home/xiang/rockpi4-android/optee_os/out/arm-plat-rockchip/export-ta_arm64/lib/libutee.a(base64.o)
 .debug_macro   0x0000000000009dce      0x1d4 /home/xiang/rockpi4-android/optee_os/out/arm-plat-rockchip/export-ta_arm64/lib/libmbedtls.a(bignum.o)
 .debug_macro   0x0000000000009fa2      0x65e /home/xiang/rockpi4-android/optee_os/out/arm-plat-rockchip/export-ta_arm64/lib/libmbedtls.a(bignum.o)
 .debug_macro   0x000000000000a600       0x8b /home/xiang/rockpi4-android/optee_os/out/arm-plat-rockchip/export-ta_arm64/lib/libmbedtls.a(bignum.o)
 .debug_macro   0x000000000000a68b       0x2b /home/xiang/rockpi4-android/optee_os/out/arm-plat-rockchip/export-ta_arm64/lib/libmbedtls.a(bignum.o)
 .debug_macro   0x000000000000a6b6       0x41 /home/xiang/rockpi4-android/optee_os/out/arm-plat-rockchip/export-ta_arm64/lib/libmbedtls.a(bignum.o)
 .debug_macro   0x000000000000a6f7       0x17 /home/xiang/rockpi4-android/optee_os/out/arm-plat-rockchip/export-ta_arm64/lib/libmbedtls.a(bignum.o)
 .debug_macro   0x000000000000a70e       0x10 /home/xiang/rockpi4-android/optee_os/out/arm-plat-rockchip/export-ta_arm64/lib/libmbedtls.a(bignum.o)
 .debug_macro   0x000000000000a71e      0x113 /home/xiang/rockpi4-android/optee_os/out/arm-plat-rockchip/export-ta_arm64/lib/libmbedtls.a(constant_time.o)
 .debug_macro   0x000000000000a831      0x65e /home/xiang/rockpi4-android/optee_os/out/arm-plat-rockchip/export-ta_arm64/lib/libmbedtls.a(constant_time.o)
 .debug_macro   0x000000000000ae8f       0x3c /home/xiang/rockpi4-android/optee_os/out/arm-plat-rockchip/export-ta_arm64/lib/libmbedtls.a(constant_time.o)
 .debug_macro   0x000000000000aecb       0x70 /home/xiang/rockpi4-android/optee_os/out/arm-plat-rockchip/export-ta_arm64/lib/libmbedtls.a(constant_time.o)
 .debug_macro   0x000000000000af3b      0x14d /home/xiang/rockpi4-android/optee_os/out/arm-plat-rockchip/export-ta_arm64/lib/libmbedtls.a(platform_util.o)
 .debug_macro   0x000000000000b088      0x65e /home/xiang/rockpi4-android/optee_os/out/arm-plat-rockchip/export-ta_arm64/lib/libmbedtls.a(platform_util.o)
 .debug_macro   0x000000000000b6e6       0x10 /home/xiang/rockpi4-android/optee_os/out/arm-plat-rockchip/export-ta_arm64/lib/libmbedtls.a(platform_util.o)
 .debug_macro   0x000000000000b6f6       0x7f /home/xiang/rockpi4-android/optee_os/out/arm-plat-rockchip/export-ta_arm64/lib/libmbedtls.a(platform_util.o)
 .debug_macro   0x000000000000b775       0x16 /home/xiang/rockpi4-android/optee_os/out/arm-plat-rockchip/export-ta_arm64/lib/libmbedtls.a(platform_util.o)
 .debug_macro   0x000000000000b78b      0x179 /home/xiang/rockpi4-android/optee_os/out/arm-plat-rockchip/export-ta_arm64/lib/libutils.a(bget_malloc.o)
 .debug_macro   0x000000000000b904      0x65e /home/xiang/rockpi4-android/optee_os/out/arm-plat-rockchip/export-ta_arm64/lib/libutils.a(bget_malloc.o)
 .debug_macro   0x000000000000bf62       0x2e /home/xiang/rockpi4-android/optee_os/out/arm-plat-rockchip/export-ta_arm64/lib/libutils.a(bget_malloc.o)
 .debug_macro   0x000000000000bf90       0x10 /home/xiang/rockpi4-android/optee_os/out/arm-plat-rockchip/export-ta_arm64/lib/libutils.a(bget_malloc.o)
 .debug_macro   0x000000000000bfa0       0x3c /home/xiang/rockpi4-android/optee_os/out/arm-plat-rockchip/export-ta_arm64/lib/libutils.a(bget_malloc.o)
 .debug_macro   0x000000000000bfdc       0x4d /home/xiang/rockpi4-android/optee_os/out/arm-plat-rockchip/export-ta_arm64/lib/libutils.a(snprintf.o)
 .debug_macro   0x000000000000c029      0x65e /home/xiang/rockpi4-android/optee_os/out/arm-plat-rockchip/export-ta_arm64/lib/libutils.a(snprintf.o)
 .debug_macro   0x000000000000c687       0x57 /home/xiang/rockpi4-android/optee_os/out/arm-plat-rockchip/export-ta_arm64/lib/libutils.a(memcpy.o)
 .debug_macro   0x000000000000c6de      0x658 /home/xiang/rockpi4-android/optee_os/out/arm-plat-rockchip/export-ta_arm64/lib/libutils.a(memcpy.o)
 .debug_macro   0x000000000000cd36       0x7c /home/xiang/rockpi4-android/optee_os/out/arm-plat-rockchip/export-ta_arm64/lib/libutils.a(memcpy.o)
 .debug_macro   0x000000000000cdb2       0x64 /home/xiang/rockpi4-android/optee_os/out/arm-plat-rockchip/export-ta_arm64/lib/libutils.a(memmove.o)
 .debug_macro   0x000000000000ce16      0x65e /home/xiang/rockpi4-android/optee_os/out/arm-plat-rockchip/export-ta_arm64/lib/libutils.a(memmove.o)
 .debug_macro   0x000000000000d474       0x51 /home/xiang/rockpi4-android/optee_os/out/arm-plat-rockchip/export-ta_arm64/lib/libutils.a(memset.o)
 .debug_macro   0x000000000000d4c5      0x65e /home/xiang/rockpi4-android/optee_os/out/arm-plat-rockchip/export-ta_arm64/lib/libutils.a(memset.o)
 .debug_macro   0x000000000000db23       0x54 /home/xiang/rockpi4-android/optee_os/out/arm-plat-rockchip/export-ta_arm64/lib/libutils.a(strcmp.o)
 .debug_macro   0x000000000000db77      0x65e /home/xiang/rockpi4-android/optee_os/out/arm-plat-rockchip/export-ta_arm64/lib/libutils.a(strcmp.o)
 .debug_macro   0x000000000000e1d5       0x5a /home/xiang/rockpi4-android/optee_os/out/arm-plat-rockchip/export-ta_arm64/lib/libutils.a(strlen.o)
 .debug_macro   0x000000000000e22f      0x65e /home/xiang/rockpi4-android/optee_os/out/arm-plat-rockchip/export-ta_arm64/lib/libutils.a(strlen.o)
 .debug_macro   0x000000000000e88d      0x13d /home/xiang/rockpi4-android/optee_os/out/arm-plat-rockchip/export-ta_arm64/lib/libutils.a(snprintk.o)
 .debug_macro   0x000000000000e9ca      0x65e /home/xiang/rockpi4-android/optee_os/out/arm-plat-rockchip/export-ta_arm64/lib/libutils.a(snprintk.o)
 .debug_macro   0x000000000000f028       0x8b /home/xiang/rockpi4-android/optee_os/out/arm-plat-rockchip/export-ta_arm64/lib/libutils.a(strlcpy.o)
 .debug_macro   0x000000000000f0b3      0x65e /home/xiang/rockpi4-android/optee_os/out/arm-plat-rockchip/export-ta_arm64/lib/libutils.a(strlcpy.o)
 .debug_macro   0x000000000000f711       0xd6 /home/xiang/rockpi4-android/optee_os/out/arm-plat-rockchip/export-ta_arm64/lib/libutils.a(trace.o)
 .debug_macro   0x000000000000f7e7      0x65e /home/xiang/rockpi4-android/optee_os/out/arm-plat-rockchip/export-ta_arm64/lib/libutils.a(trace.o)
 .debug_macro   0x000000000000fe45       0xed /home/xiang/rockpi4-android/optee_os/out/arm-plat-rockchip/export-ta_arm64/lib/libutils.a(mempool.o)
 .debug_macro   0x000000000000ff32      0x65e /home/xiang/rockpi4-android/optee_os/out/arm-plat-rockchip/export-ta_arm64/lib/libutils.a(mempool.o)
 .debug_macro   0x0000000000010590       0x3f /home/xiang/rockpi4-android/optee_os/out/arm-plat-rockchip/export-ta_arm64/lib/libutils.a(consttime_memcmp.o)
 .debug_macro   0x00000000000105cf      0x65e /home/xiang/rockpi4-android/optee_os/out/arm-plat-rockchip/export-ta_arm64/lib/libutils.a(consttime_memcmp.o)
 .debug_macro   0x0000000000010c2d       0x66 /home/xiang/rockpi4-android/optee_os/out/arm-plat-rockchip/export-ta_arm64/lib/libutils.a(memchr.o)
 .debug_macro   0x0000000000010c93      0x65e /home/xiang/rockpi4-android/optee_os/out/arm-plat-rockchip/export-ta_arm64/lib/libutils.a(memchr.o)

.debug_line     0x0000000000000000     0x6d12
 .debug_line    0x0000000000000000      0x26b /home/xiang/rockpi4-android/external/hello_ta/ta/out/hello_ta.o
 .debug_line    0x000000000000026b      0x315 /home/xiang/rockpi4-android/external/hello_ta/ta/out/user_ta_header.o
 .debug_line    0x0000000000000580      0x528 /home/xiang/rockpi4-android/optee_os/out/arm-plat-rockchip/export-ta_arm64/lib/libutee.a(utee_syscalls_a64.o)
 .debug_line    0x0000000000000aa8      0x5ad /home/xiang/rockpi4-android/optee_os/out/arm-plat-rockchip/export-ta_arm64/lib/libutee.a(user_ta_entry.o)
 .debug_line    0x0000000000001055      0x276 /home/xiang/rockpi4-android/optee_os/out/arm-plat-rockchip/export-ta_arm64/lib/libutee.a(abort.o)
 .debug_line    0x00000000000012cb      0x2a4 /home/xiang/rockpi4-android/optee_os/out/arm-plat-rockchip/export-ta_arm64/lib/libutee.a(trace_ext.o)
 .debug_line    0x000000000000156f      0x48e /home/xiang/rockpi4-android/optee_os/out/arm-plat-rockchip/export-ta_arm64/lib/libutee.a(tee_api.o)
 .debug_line    0x00000000000019fd      0x8c6 /home/xiang/rockpi4-android/optee_os/out/arm-plat-rockchip/export-ta_arm64/lib/libutee.a(tee_api_arith_mpi.o)
 .debug_line    0x00000000000022c3      0x2db /home/xiang/rockpi4-android/optee_os/out/arm-plat-rockchip/export-ta_arm64/lib/libutee.a(tee_api_panic.o)
 .debug_line    0x000000000000259e      0x50e /home/xiang/rockpi4-android/optee_os/out/arm-plat-rockchip/export-ta_arm64/lib/libutee.a(tee_api_property.o)
 .debug_line    0x0000000000002aac      0x35d /home/xiang/rockpi4-android/optee_os/out/arm-plat-rockchip/export-ta_arm64/lib/libutee.a(tee_system_pta.o)
 .debug_line    0x0000000000002e09      0x3b5 /home/xiang/rockpi4-android/optee_os/out/arm-plat-rockchip/export-ta_arm64/lib/libutee.a(tcb.o)
 .debug_line    0x00000000000031be      0x2af /home/xiang/rockpi4-android/optee_os/out/arm-plat-rockchip/export-ta_arm64/lib/libutee.a(assert.o)
 .debug_line    0x000000000000346d      0x22a /home/xiang/rockpi4-android/optee_os/out/arm-plat-rockchip/export-ta_arm64/lib/libutee.a(base64.o)
 .debug_line    0x0000000000003697     0x1053 /home/xiang/rockpi4-android/optee_os/out/arm-plat-rockchip/export-ta_arm64/lib/libmbedtls.a(bignum.o)
 .debug_line    0x00000000000046ea      0x552 /home/xiang/rockpi4-android/optee_os/out/arm-plat-rockchip/export-ta_arm64/lib/libmbedtls.a(constant_time.o)
 .debug_line    0x0000000000004c3c      0x2de /home/xiang/rockpi4-android/optee_os/out/arm-plat-rockchip/export-ta_arm64/lib/libmbedtls.a(platform_util.o)
 .debug_line    0x0000000000004f1a      0x638 /home/xiang/rockpi4-android/optee_os/out/arm-plat-rockchip/export-ta_arm64/lib/libutils.a(bget_malloc.o)
 .debug_line    0x0000000000005552      0x1a5 /home/xiang/rockpi4-android/optee_os/out/arm-plat-rockchip/export-ta_arm64/lib/libutils.a(snprintf.o)
 .debug_line    0x00000000000056f7      0x1b2 /home/xiang/rockpi4-android/optee_os/out/arm-plat-rockchip/export-ta_arm64/lib/libutils.a(memcpy.o)
 .debug_line    0x00000000000058a9      0x1a4 /home/xiang/rockpi4-android/optee_os/out/arm-plat-rockchip/export-ta_arm64/lib/libutils.a(memmove.o)
 .debug_line    0x0000000000005a4d      0x18b /home/xiang/rockpi4-android/optee_os/out/arm-plat-rockchip/export-ta_arm64/lib/libutils.a(memset.o)